Archive member included to satisfy reference by file (symbol)

/opt/stm32cubeide/plugins/com.st.stm32cube.ide.mcu.externaltools.gnu-tools-for-stm32.11.3.rel1.linux64_1.1.1.202309131626/tools/bin/../lib/gcc/arm-none-eabi/11.3.1/../../../../arm-none-eabi/lib/thumb/v7e-m+fp/hard/libstdc++_nano.a(del_ops.o)
                              ./Core/Src/main.o (operator delete(void*, unsigned int))
/opt/stm32cubeide/plugins/com.st.stm32cube.ide.mcu.externaltools.gnu-tools-for-stm32.11.3.rel1.linux64_1.1.1.202309131626/tools/bin/../lib/gcc/arm-none-eabi/11.3.1/../../../../arm-none-eabi/lib/thumb/v7e-m+fp/hard/libstdc++_nano.a(new_op.o)
                              ./Core/Src/main.o (operator new(unsigned int))
/opt/stm32cubeide/plugins/com.st.stm32cube.ide.mcu.externaltools.gnu-tools-for-stm32.11.3.rel1.linux64_1.1.1.202309131626/tools/bin/../lib/gcc/arm-none-eabi/11.3.1/../../../../arm-none-eabi/lib/thumb/v7e-m+fp/hard/libstdc++_nano.a(functexcept.o)
                              ./Core/Src/main.o (std::__throw_bad_alloc())
/opt/stm32cubeide/plugins/com.st.stm32cube.ide.mcu.externaltools.gnu-tools-for-stm32.11.3.rel1.linux64_1.1.1.202309131626/tools/bin/../lib/gcc/arm-none-eabi/11.3.1/../../../../arm-none-eabi/lib/thumb/v7e-m+fp/hard/libstdc++_nano.a(snprintf_lite.o)
                              /opt/stm32cubeide/plugins/com.st.stm32cube.ide.mcu.externaltools.gnu-tools-for-stm32.11.3.rel1.linux64_1.1.1.202309131626/tools/bin/../lib/gcc/arm-none-eabi/11.3.1/../../../../arm-none-eabi/lib/thumb/v7e-m+fp/hard/libstdc++_nano.a(functexcept.o) (__gnu_cxx::__snprintf_lite(char*, unsigned int, char const*, std::__va_list))
/opt/stm32cubeide/plugins/com.st.stm32cube.ide.mcu.externaltools.gnu-tools-for-stm32.11.3.rel1.linux64_1.1.1.202309131626/tools/bin/../lib/gcc/arm-none-eabi/11.3.1/../../../../arm-none-eabi/lib/thumb/v7e-m+fp/hard/libstdc++_nano.a(del_op.o)
                              /opt/stm32cubeide/plugins/com.st.stm32cube.ide.mcu.externaltools.gnu-tools-for-stm32.11.3.rel1.linux64_1.1.1.202309131626/tools/bin/../lib/gcc/arm-none-eabi/11.3.1/../../../../arm-none-eabi/lib/thumb/v7e-m+fp/hard/libstdc++_nano.a(del_ops.o) (operator delete(void*))
/opt/stm32cubeide/plugins/com.st.stm32cube.ide.mcu.externaltools.gnu-tools-for-stm32.11.3.rel1.linux64_1.1.1.202309131626/tools/bin/../lib/gcc/arm-none-eabi/11.3.1/../../../../arm-none-eabi/lib/thumb/v7e-m+fp/hard/libstdc++_nano.a(new_handler.o)
                              /opt/stm32cubeide/plugins/com.st.stm32cube.ide.mcu.externaltools.gnu-tools-for-stm32.11.3.rel1.linux64_1.1.1.202309131626/tools/bin/../lib/gcc/arm-none-eabi/11.3.1/../../../../arm-none-eabi/lib/thumb/v7e-m+fp/hard/libstdc++_nano.a(new_op.o) (std::get_new_handler())
/opt/stm32cubeide/plugins/com.st.stm32cube.ide.mcu.externaltools.gnu-tools-for-stm32.11.3.rel1.linux64_1.1.1.202309131626/tools/bin/../lib/gcc/arm-none-eabi/11.3.1/../../../../arm-none-eabi/lib/thumb/v7e-m+fp/hard/libc_nano.a(libc_a-abort.o)
                              /opt/stm32cubeide/plugins/com.st.stm32cube.ide.mcu.externaltools.gnu-tools-for-stm32.11.3.rel1.linux64_1.1.1.202309131626/tools/bin/../lib/gcc/arm-none-eabi/11.3.1/../../../../arm-none-eabi/lib/thumb/v7e-m+fp/hard/libstdc++_nano.a(new_op.o) (abort)
/opt/stm32cubeide/plugins/com.st.stm32cube.ide.mcu.externaltools.gnu-tools-for-stm32.11.3.rel1.linux64_1.1.1.202309131626/tools/bin/../lib/gcc/arm-none-eabi/11.3.1/../../../../arm-none-eabi/lib/thumb/v7e-m+fp/hard/libc_nano.a(libc_a-exit.o)
                              /opt/stm32cubeide/plugins/com.st.stm32cube.ide.mcu.externaltools.gnu-tools-for-stm32.11.3.rel1.linux64_1.1.1.202309131626/tools/bin/../lib/gcc/arm-none-eabi/11.3.1/../../../../arm-none-eabi/lib/thumb/v7e-m+fp/hard/crt0.o (exit)
/opt/stm32cubeide/plugins/com.st.stm32cube.ide.mcu.externaltools.gnu-tools-for-stm32.11.3.rel1.linux64_1.1.1.202309131626/tools/bin/../lib/gcc/arm-none-eabi/11.3.1/../../../../arm-none-eabi/lib/thumb/v7e-m+fp/hard/libc_nano.a(libc_a-malloc.o)
                              /opt/stm32cubeide/plugins/com.st.stm32cube.ide.mcu.externaltools.gnu-tools-for-stm32.11.3.rel1.linux64_1.1.1.202309131626/tools/bin/../lib/gcc/arm-none-eabi/11.3.1/../../../../arm-none-eabi/lib/thumb/v7e-m+fp/hard/libstdc++_nano.a(new_op.o) (malloc)
/opt/stm32cubeide/plugins/com.st.stm32cube.ide.mcu.externaltools.gnu-tools-for-stm32.11.3.rel1.linux64_1.1.1.202309131626/tools/bin/../lib/gcc/arm-none-eabi/11.3.1/../../../../arm-none-eabi/lib/thumb/v7e-m+fp/hard/libc_nano.a(libc_a-mallocr.o)
                              /opt/stm32cubeide/plugins/com.st.stm32cube.ide.mcu.externaltools.gnu-tools-for-stm32.11.3.rel1.linux64_1.1.1.202309131626/tools/bin/../lib/gcc/arm-none-eabi/11.3.1/../../../../arm-none-eabi/lib/thumb/v7e-m+fp/hard/libc_nano.a(libc_a-malloc.o) (_malloc_r)
[...]
Memory Configuration

Name             Origin             Length             Attributes
RAM              0x0000000020000000 0x0000000000020000 xrw
FLASH            0x0000000008000000 0x0000000000080000 xr
*default*        0x0000000000000000 0xffffffffffffffff

Linker script and memory map

LOAD /opt/stm32cubeide/plugins/com.st.stm32cube.ide.mcu.externaltools.gnu-tools-for-stm32.11.3.rel1.linux64_1.1.1.202309131626/tools/bin/../lib/gcc/arm-none-eabi/11.3.1/thumb/v7e-m+fp/hard/crti.o
LOAD /opt/stm32cubeide/plugins/com.st.stm32cube.ide.mcu.externaltools.gnu-tools-for-stm32.11.3.rel1.linux64_1.1.1.202309131626/tools/bin/../lib/gcc/arm-none-eabi/11.3.1/thumb/v7e-m+fp/hard/crtbegin.o
LOAD /opt/stm32cubeide/plugins/com.st.stm32cube.ide.mcu.externaltools.gnu-tools-for-stm32.11.3.rel1.linux64_1.1.1.202309131626/tools/bin/../lib/gcc/arm-none-eabi/11.3.1/../../../../arm-none-eabi/lib/thumb/v7e-m+fp/hard/crt0.o
LOAD ./Core/Src/freertos.o
LOAD ./Core/Src/main.o
LOAD ./Core/Src/stm32f4xx_hal_msp.o
LOAD ./Core/Src/stm32f4xx_hal_timebase_tim.o
LOAD ./Core/Src/stm32f4xx_it.o
LOAD ./Core/Src/syscalls.o
LOAD ./Core/Src/sysmem.o
LOAD ./Core/Src/system_stm32f4xx.o
LOAD ./Core/Startup/startup_stm32f446retx.o
LOAD ./Drivers/STM32F4xx_HAL_Driver/stm32f4xx_hal.o
LOAD ./Drivers/STM32F4xx_HAL_Driver/stm32f4xx_hal_cortex.o
LOAD ./Drivers/STM32F4xx_HAL_Driver/stm32f4xx_hal_dma.o
LOAD ./Drivers/STM32F4xx_HAL_Driver/stm32f4xx_hal_dma_ex.o
LOAD ./Drivers/STM32F4xx_HAL_Driver/stm32f4xx_hal_exti.o
LOAD ./Drivers/STM32F4xx_HAL_Driver/stm32f4xx_hal_flash.o
LOAD ./Drivers/STM32F4xx_HAL_Driver/stm32f4xx_hal_flash_ex.o
LOAD ./Drivers/STM32F4xx_HAL_Driver/stm32f4xx_hal_flash_ramfunc.o
LOAD ./Drivers/STM32F4xx_HAL_Driver/stm32f4xx_hal_gpio.o
LOAD ./Drivers/STM32F4xx_HAL_Driver/stm32f4xx_hal_pwr.o
LOAD ./Drivers/STM32F4xx_HAL_Driver/stm32f4xx_hal_pwr_ex.o
LOAD ./Drivers/STM32F4xx_HAL_Driver/stm32f4xx_hal_rcc.o
LOAD ./Drivers/STM32F4xx_HAL_Driver/stm32f4xx_hal_rcc_ex.o
LOAD ./Drivers/STM32F4xx_HAL_Driver/stm32f4xx_hal_tim.o
LOAD ./Drivers/STM32F4xx_HAL_Driver/stm32f4xx_hal_tim_ex.o
LOAD ./Drivers/STM32F4xx_HAL_Driver/stm32f4xx_hal_uart.o
LOAD ./Middlewares/FreeRTOS/cmsis_os2.o
LOAD ./Middlewares/FreeRTOS/croutine.o
LOAD ./Middlewares/FreeRTOS/event_groups.o
LOAD ./Middlewares/FreeRTOS/heap_4.o
LOAD ./Middlewares/FreeRTOS/list.o
LOAD ./Middlewares/FreeRTOS/port.o
LOAD ./Middlewares/FreeRTOS/queue.o
LOAD ./Middlewares/FreeRTOS/stream_buffer.o
LOAD ./Middlewares/FreeRTOS/tasks.o
LOAD ./Middlewares/FreeRTOS/timers.o
START GROUP
LOAD /opt/stm32cubeide/plugins/com.st.stm32cube.ide.mcu.externaltools.gnu-tools-for-stm32.11.3.rel1.linux64_1.1.1.202309131626/tools/bin/../lib/gcc/arm-none-eabi/11.3.1/../../../../arm-none-eabi/lib/thumb/v7e-m+fp/hard/libstdc++_nano.a
LOAD /opt/stm32cubeide/plugins/com.st.stm32cube.ide.mcu.externaltools.gnu-tools-for-stm32.11.3.rel1.linux64_1.1.1.202309131626/tools/bin/../lib/gcc/arm-none-eabi/11.3.1/../../../../arm-none-eabi/lib/thumb/v7e-m+fp/hard/libsupc++_nano.a
END GROUP
LOAD /opt/stm32cubeide/plugins/com.st.stm32cube.ide.mcu.externaltools.gnu-tools-for-stm32.11.3.rel1.linux64_1.1.1.202309131626/tools/bin/../lib/gcc/arm-none-eabi/11.3.1/../../../../arm-none-eabi/lib/thumb/v7e-m+fp/hard/libstdc++_nano.a
LOAD /opt/stm32cubeide/plugins/com.st.stm32cube.ide.mcu.externaltools.gnu-tools-for-stm32.11.3.rel1.linux64_1.1.1.202309131626/tools/bin/../lib/gcc/arm-none-eabi/11.3.1/../../../../arm-none-eabi/lib/thumb/v7e-m+fp/hard/libm.a
LOAD /opt/stm32cubeide/plugins/com.st.stm32cube.ide.mcu.externaltools.gnu-tools-for-stm32.11.3.rel1.linux64_1.1.1.202309131626/tools/bin/../lib/gcc/arm-none-eabi/11.3.1/../../../../arm-none-eabi/lib/thumb/v7e-m+fp/hard/libc_nano.a
START GROUP
LOAD /opt/stm32cubeide/plugins/com.st.stm32cube.ide.mcu.externaltools.gnu-tools-for-stm32.11.3.rel1.linux64_1.1.1.202309131626/tools/bin/../lib/gcc/arm-none-eabi/11.3.1/thumb/v7e-m+fp/hard/libgcc.a
LOAD /opt/stm32cubeide/plugins/com.st.stm32cube.ide.mcu.externaltools.gnu-tools-for-stm32.11.3.rel1.linux64_1.1.1.202309131626/tools/bin/../lib/gcc/arm-none-eabi/11.3.1/../../../../arm-none-eabi/lib/thumb/v7e-m+fp/hard/libc_nano.a
END GROUP
START GROUP
LOAD /opt/stm32cubeide/plugins/com.st.stm32cube.ide.mcu.externaltools.gnu-tools-for-stm32.11.3.rel1.linux64_1.1.1.202309131626/tools/bin/../lib/gcc/arm-none-eabi/11.3.1/thumb/v7e-m+fp/hard/libgcc.a
LOAD /opt/stm32cubeide/plugins/com.st.stm32cube.ide.mcu.externaltools.gnu-tools-for-stm32.11.3.rel1.linux64_1.1.1.202309131626/tools/bin/../lib/gcc/arm-none-eabi/11.3.1/../../../../arm-none-eabi/lib/thumb/v7e-m+fp/hard/libc_nano.a
LOAD /opt/stm32cubeide/plugins/com.st.stm32cube.ide.mcu.externaltools.gnu-tools-for-stm32.11.3.rel1.linux64_1.1.1.202309131626/tools/bin/../lib/gcc/arm-none-eabi/11.3.1/../../../../arm-none-eabi/lib/thumb/v7e-m+fp/hard/libnosys.a
END GROUP
START GROUP
LOAD /opt/stm32cubeide/plugins/com.st.stm32cube.ide.mcu.externaltools.gnu-tools-for-stm32.11.3.rel1.linux64_1.1.1.202309131626/tools/bin/../lib/gcc/arm-none-eabi/11.3.1/thumb/v7e-m+fp/hard/libgcc.a
LOAD /opt/stm32cubeide/plugins/com.st.stm32cube.ide.mcu.externaltools.gnu-tools-for-stm32.11.3.rel1.linux64_1.1.1.202309131626/tools/bin/../lib/gcc/arm-none-eabi/11.3.1/../../../../arm-none-eabi/lib/thumb/v7e-m+fp/hard/libc_nano.a
LOAD /opt/stm32cubeide/plugins/com.st.stm32cube.ide.mcu.externaltools.gnu-tools-for-stm32.11.3.rel1.linux64_1.1.1.202309131626/tools/bin/../lib/gcc/arm-none-eabi/11.3.1/../../../../arm-none-eabi/lib/thumb/v7e-m+fp/hard/libnosys.a
END GROUP
LOAD /opt/stm32cubeide/plugins/com.st.stm32cube.ide.mcu.externaltools.gnu-tools-for-stm32.11.3.rel1.linux64_1.1.1.202309131626/tools/bin/../lib/gcc/arm-none-eabi/11.3.1/thumb/v7e-m+fp/hard/crtend.o
LOAD /opt/stm32cubeide/plugins/com.st.stm32cube.ide.mcu.externaltools.gnu-tools-for-stm32.11.3.rel1.linux64_1.1.1.202309131626/tools/bin/../lib/gcc/arm-none-eabi/11.3.1/thumb/v7e-m+fp/hard/crtn.o
                0x0000000020020000                _estack = (ORIGIN (RAM) + LENGTH (RAM))
                0x0000000000000200                _Min_Heap_Size = 0x200
                0x0000000000000400                _Min_Stack_Size = 0x400

.isr_vector     0x0000000008000000      0x1c4
                0x0000000008000000                . = ALIGN (0x4)
 *(.isr_vector)
 .isr_vector    0x0000000008000000      0x1c4 ./Core/Startup/startup_stm32f446retx.o
                0x0000000008000000                g_pfnVectors
                0x00000000080001c4                . = ALIGN (0x4)

.text           0x00000000080001d0     0x724c
                0x00000000080001d0                . = ALIGN (0x4)
 *(.text)
 .text          0x00000000080001d0       0x40 /opt/stm32cubeide/plugins/com.st.stm32cube.ide.mcu.externaltools.gnu-tools-for-stm32.11.3.rel1.linux64_1.1.1.202309131626/tools/bin/../lib/gcc/arm-none-eabi/11.3.1/thumb/v7e-m+fp/hard/crtbegin.o
 .text          0x0000000008000210       0xa0 /opt/stm32cubeide/plugins/com.st.stm32cube.ide.mcu.externaltools.gnu-tools-for-stm32.11.3.rel1.linux64_1.1.1.202309131626/tools/bin/../lib/gcc/arm-none-eabi/11.3.1/../../../../arm-none-eabi/lib/thumb/v7e-m+fp/hard/libc_nano.a(libc_a-memchr.o)
                0x0000000008000210                memchr
 .text          0x00000000080002b0       0x30 /opt/stm32cubeide/plugins/com.st.stm32cube.ide.mcu.externaltools.gnu-tools-for-stm32.11.3.rel1.linux64_1.1.1.202309131626/tools/bin/../lib/gcc/arm-none-eabi/11.3.1/thumb/v7e-m+fp/hard/libgcc.a(_aeabi_uldivmod.o)
                0x00000000080002b0                __aeabi_uldivmod
 .text          0x00000000080002e0      0x2c8 /opt/stm32cubeide/plugins/com.st.stm32cube.ide.mcu.externaltools.gnu-tools-for-stm32.11.3.rel1.linux64_1.1.1.202309131626/tools/bin/../lib/gcc/arm-none-eabi/11.3.1/thumb/v7e-m+fp/hard/libgcc.a(_udivmoddi4.o)
                0x00000000080002e0                __udivmoddi4
 .text          0x00000000080005a8        0x4 /opt/stm32cubeide/plugins/com.st.stm32cube.ide.mcu.externaltools.gnu-tools-for-stm32.11.3.rel1.linux64_1.1.1.202309131626/tools/bin/../lib/gcc/arm-none-eabi/11.3.1/thumb/v7e-m+fp/hard/libgcc.a(_dvmd_tls.o)
                0x00000000080005a8                __aeabi_ldiv0
                0x00000000080005a8                __aeabi_idiv0
 *(.text*)
 .text._ZN9MessengerC2Ettm
                0x00000000080005ac       0x38 ./Core/Src/main.o
                0x00000000080005ac                Messenger::Messenger(unsigned short, unsigned short, unsigned long)
                0x00000000080005ac                Messenger::Messenger(unsigned short, unsigned short, unsigned long)
 .text._ZN9Messenger18set_target_task_idEt
                0x00000000080005e4       0x48 ./Core/Src/main.o
                0x00000000080005e4                Messenger::set_target_task_id(unsigned short)
 .text._ZN9Messenger14set_payload_idEt
                0x000000000800062c       0x46 ./Core/Src/main.o
                0x000000000800062c                Messenger::set_payload_id(unsigned short)
 .text._ZN9Messenger11set_payloadEm
                0x0000000008000672       0x38 ./Core/Src/main.o
                0x0000000008000672                Messenger::set_payload(unsigned long)
 .text._ZNK9Messenger18get_target_task_idEv
                0x00000000080006aa       0x28 ./Core/Src/main.o
                0x00000000080006aa                Messenger::get_target_task_id() const
 .text._ZNK9Messenger14get_payload_idEv
                0x00000000080006d2       0x28 ./Core/Src/main.o
                0x00000000080006d2                Messenger::get_payload_id() const
 .text._ZNK9Messenger11get_payloadEv
                0x00000000080006fa       0x1c ./Core/Src/main.o
                0x00000000080006fa                Messenger::get_payload() const
 .text._ZnwjPv  0x0000000008000716       0x18 ./Core/Src/main.o
                0x0000000008000716                operator new(unsigned int, void*)
 .text._ZSt16__deque_buf_sizej
                0x000000000800072e       0x2a ./Core/Src/main.o
                0x000000000800072e                std::__deque_buf_size(unsigned int)
 .text._Z7myPrintPc
                0x0000000008000758       0xb4 ./Core/Src/main.o
                0x0000000008000758                myPrint(char*)
 .text.main     0x000000000800080c       0x90 ./Core/Src/main.o
                0x000000000800080c                main
 .text._Z18SystemClock_Configv
                0x000000000800089c      0x104 ./Core/Src/main.o
                0x000000000800089c                SystemClock_Config()
 .text._ZL19MX_USART2_UART_Initv
                0x00000000080009a0       0x5c ./Core/Src/main.o
 .text._ZL12MX_GPIO_Initv
                0x00000000080009fc       0xdc ./Core/Src/main.o
 .text._Z16StartDefaultTaskPv
                0x0000000008000ad8       0x10 ./Core/Src/main.o
                0x0000000008000ad8                StartDefaultTask(void*)
 .text._Z11StartTask01Pv
                0x0000000008000ae8       0x3c ./Core/Src/main.o
                0x0000000008000ae8                StartTask01(void*)
 .text._Z11StartTask02Pv
                0x0000000008000b24       0xcc ./Core/Src/main.o
                0x0000000008000b24                StartTask02(void*)
 .text._Z14StartMessengerPv
                0x0000000008000bf0       0x80 ./Core/Src/main.o
                0x0000000008000bf0                StartMessenger(void*)
 .text.HAL_TIM_PeriodElapsedCallback
                0x0000000008000c70       0x24 ./Core/Src/main.o
                0x0000000008000c70                HAL_TIM_PeriodElapsedCallback
 .text.Error_Handler
                0x0000000008000c94        0xa ./Core/Src/main.o
                0x0000000008000c94                Error_Handler
 .text._ZNSt5dequeI9MessengerSaIS0_EEC2Ev
                0x0000000008000c9e       0x1a ./Core/Src/main.o
                0x0000000008000c9e                std::deque<Messenger, std::allocator<Messenger> >::deque()
                0x0000000008000c9e                std::deque<Messenger, std::allocator<Messenger> >::deque()
 .text._ZNSt5queueI9MessengerSt5dequeIS0_SaIS0_EEEC2IS3_vEEv
                0x0000000008000cb8       0x28 ./Core/Src/main.o
                0x0000000008000cb8                std::queue<Messenger, std::deque<Messenger, std::allocator<Messenger> > >::queue<std::deque<Messenger, std::allocator<Messenger> >, void>()
                0x0000000008000cb8                std::queue<Messenger, std::deque<Messenger, std::allocator<Messenger> > >::queue<std::deque<Messenger, std::allocator<Messenger> >, void>()
 .text._ZNSt5queueI9MessengerSt5dequeIS0_SaIS0_EEE4pushERKS0_
                0x0000000008000ce0       0x1c ./Core/Src/main.o
                0x0000000008000ce0                std::queue<Messenger, std::deque<Messenger, std::allocator<Messenger> > >::push(Messenger const&)
 .text._ZNKSt5queueI9MessengerSt5dequeIS0_SaIS0_EEE5emptyEv
                0x0000000008000cfc       0x1a ./Core/Src/main.o
                0x0000000008000cfc                std::queue<Messenger, std::deque<Messenger, std::allocator<Messenger> > >::empty() const
 .text._ZNSt5queueI9MessengerSt5dequeIS0_SaIS0_EEE5frontEv
                0x0000000008000d16       0x1a ./Core/Src/main.o
                0x0000000008000d16                std::queue<Messenger, std::deque<Messenger, std::allocator<Messenger> > >::front()
 .text._ZNSt5queueI9MessengerSt5dequeIS0_SaIS0_EEE3popEv
                0x0000000008000d30       0x18 ./Core/Src/main.o
                0x0000000008000d30                std::queue<Messenger, std::deque<Messenger, std::allocator<Messenger> > >::pop()
 .text._ZNSt11_Deque_baseI9MessengerSaIS0_EE11_Deque_implD2Ev
                0x0000000008000d48       0x18 ./Core/Src/main.o
                0x0000000008000d48                std::_Deque_base<Messenger, std::allocator<Messenger> >::_Deque_impl::~_Deque_impl()
                0x0000000008000d48                std::_Deque_base<Messenger, std::allocator<Messenger> >::_Deque_impl::~_Deque_impl()
 .text._ZNSt11_Deque_baseI9MessengerSaIS0_EEC2Ev
                0x0000000008000d60       0x22 ./Core/Src/main.o
                0x0000000008000d60                std::_Deque_base<Messenger, std::allocator<Messenger> >::_Deque_base()
                0x0000000008000d60                std::_Deque_base<Messenger, std::allocator<Messenger> >::_Deque_base()
 .text._ZNSt11_Deque_baseI9MessengerSaIS0_EED2Ev
                0x0000000008000d82       0x44 ./Core/Src/main.o
                0x0000000008000d82                std::_Deque_base<Messenger, std::allocator<Messenger> >::~_Deque_base()
                0x0000000008000d82                std::_Deque_base<Messenger, std::allocator<Messenger> >::~_Deque_base()
 .text._ZNSt5dequeI9MessengerSaIS0_EED2Ev
                0x0000000008000dc6       0x4a ./Core/Src/main.o
                0x0000000008000dc6                std::deque<Messenger, std::allocator<Messenger> >::~deque()
                0x0000000008000dc6                std::deque<Messenger, std::allocator<Messenger> >::~deque()
 .text._ZNSt5dequeI9MessengerSaIS0_EE9push_backERKS0_
                0x0000000008000e10       0x44 ./Core/Src/main.o
                0x0000000008000e10                std::deque<Messenger, std::allocator<Messenger> >::push_back(Messenger const&)
 .text._ZNKSt5dequeI9MessengerSaIS0_EE5emptyEv
                0x0000000008000e54       0x24 ./Core/Src/main.o
                0x0000000008000e54                std::deque<Messenger, std::allocator<Messenger> >::empty() const
 .text._ZNSt5dequeI9MessengerSaIS0_EE5frontEv
                0x0000000008000e78       0x28 ./Core/Src/main.o
                0x0000000008000e78                std::deque<Messenger, std::allocator<Messenger> >::front()
 .text._ZNSt5dequeI9MessengerSaIS0_EE9pop_frontEv
                0x0000000008000ea0       0x48 ./Core/Src/main.o
                0x0000000008000ea0                std::deque<Messenger, std::allocator<Messenger> >::pop_front()
 .text._ZNSt11_Deque_baseI9MessengerSaIS0_EE11_Deque_implC2Ev
                0x0000000008000ee8       0x20 ./Core/Src/main.o
                0x0000000008000ee8                std::_Deque_base<Messenger, std::allocator<Messenger> >::_Deque_impl::_Deque_impl()
                0x0000000008000ee8                std::_Deque_base<Messenger, std::allocator<Messenger> >::_Deque_impl::_Deque_impl()
 .text._ZNSaI9MessengerED2Ev
                0x0000000008000f08       0x18 ./Core/Src/main.o
                0x0000000008000f08                std::allocator<Messenger>::~allocator()
                0x0000000008000f08                std::allocator<Messenger>::~allocator()
 .text._ZNSt11_Deque_baseI9MessengerSaIS0_EE17_M_initialize_mapEj
                0x0000000008000f20       0xc6 ./Core/Src/main.o
                0x0000000008000f20                std::_Deque_base<Messenger, std::allocator<Messenger> >::_M_initialize_map(unsigned int)
 .text._ZNSt11_Deque_baseI9MessengerSaIS0_EE16_M_destroy_nodesEPPS0_S4_
                0x0000000008000fe6       0x36 ./Core/Src/main.o
                0x0000000008000fe6                std::_Deque_base<Messenger, std::allocator<Messenger> >::_M_destroy_nodes(Messenger**, Messenger**)
 .text._ZNSt11_Deque_baseI9MessengerSaIS0_EE17_M_deallocate_mapEPPS0_j
                0x000000000800101c       0x36 ./Core/Src/main.o
                0x000000000800101c                std::_Deque_base<Messenger, std::allocator<Messenger> >::_M_deallocate_map(Messenger**, unsigned int)
 .text._ZNSt5dequeI9MessengerSaIS0_EE5beginEv
                0x0000000008001052       0x1e ./Core/Src/main.o
                0x0000000008001052                std::deque<Messenger, std::allocator<Messenger> >::begin()
 .text._ZNSt5dequeI9MessengerSaIS0_EE3endEv
                0x0000000008001070       0x1e ./Core/Src/main.o
                0x0000000008001070                std::deque<Messenger, std::allocator<Messenger> >::end()
 .text._ZNSt11_Deque_baseI9MessengerSaIS0_EE19_M_get_Tp_allocatorEv
                0x000000000800108e       0x16 ./Core/Src/main.o
                0x000000000800108e                std::_Deque_base<Messenger, std::allocator<Messenger> >::_M_get_Tp_allocator()
 .text._ZNSt15_Deque_iteratorI9MessengerRS0_PS0_EC2ERKS3_
                0x00000000080010a4       0x38 ./Core/Src/main.o
                0x00000000080010a4                std::_Deque_iterator<Messenger, Messenger&, Messenger*>::_Deque_iterator(std::_Deque_iterator<Messenger, Messenger&, Messenger*> const&)
                0x00000000080010a4                std::_Deque_iterator<Messenger, Messenger&, Messenger*>::_Deque_iterator(std::_Deque_iterator<Messenger, Messenger&, Messenger*> const&)
 .text._ZNSt5dequeI9MessengerSaIS0_EE15_M_destroy_dataESt15_Deque_iteratorIS0_RS0_PS0_ES6_RKS1_
                0x00000000080010dc       0x1a ./Core/Src/main.o
                0x00000000080010dc                std::deque<Messenger, std::allocator<Messenger> >::_M_destroy_data(std::_Deque_iterator<Messenger, Messenger&, Messenger*>, std::_Deque_iterator<Messenger, Messenger&, Messenger*>, std::allocator<Messenger> const&)
 .text._ZNSt16allocator_traitsISaI9MessengerEE9constructIS0_JRKS0_EEEvRS1_PT_DpOT0_
                0x00000000080010f6       0x26 ./Core/Src/main.o
                0x00000000080010f6                void std::allocator_traits<std::allocator<Messenger> >::construct<Messenger, Messenger const&>(std::allocator<Messenger>&, Messenger*, Messenger const&)
 .text._ZNSt5dequeI9MessengerSaIS0_EE16_M_push_back_auxIJRKS0_EEEvDpOT_
                0x000000000800111c       0x88 ./Core/Src/main.o
                0x000000000800111c                void std::deque<Messenger, std::allocator<Messenger> >::_M_push_back_aux<Messenger const&>(Messenger const&)
 .text._ZSteqRKSt15_Deque_iteratorI9MessengerRS0_PS0_ES5_
                0x00000000080011a4       0x28 ./Core/Src/main.o
                0x00000000080011a4                std::operator==(std::_Deque_iterator<Messenger, Messenger&, Messenger*> const&, std::_Deque_iterator<Messenger, Messenger&, Messenger*> const&)
 .text._ZNKSt15_Deque_iteratorI9MessengerRS0_PS0_EdeEv
                0x00000000080011cc       0x18 ./Core/Src/main.o
                0x00000000080011cc                std::_Deque_iterator<Messenger, Messenger&, Messenger*>::operator*() const
 .text._ZNSt16allocator_traitsISaI9MessengerEE7destroyIS0_EEvRS1_PT_
                0x00000000080011e4       0x1a ./Core/Src/main.o
                0x00000000080011e4                void std::allocator_traits<std::allocator<Messenger> >::destroy<Messenger>(std::allocator<Messenger>&, Messenger*)
 .text._ZNSt5dequeI9MessengerSaIS0_EE16_M_pop_front_auxEv
                0x00000000080011fe       0x50 ./Core/Src/main.o
                0x00000000080011fe                std::deque<Messenger, std::allocator<Messenger> >::_M_pop_front_aux()
 .text._ZNSaI9MessengerEC2Ev
                0x000000000800124e       0x18 ./Core/Src/main.o
                0x000000000800124e                std::allocator<Messenger>::allocator()
                0x000000000800124e                std::allocator<Messenger>::allocator()
 .text._ZNSt11_Deque_baseI9MessengerSaIS0_EE16_Deque_impl_dataC2Ev
                0x0000000008001266       0x32 ./Core/Src/main.o
                0x0000000008001266                std::_Deque_base<Messenger, std::allocator<Messenger> >::_Deque_impl_data::_Deque_impl_data()
                0x0000000008001266                std::_Deque_base<Messenger, std::allocator<Messenger> >::_Deque_impl_data::_Deque_impl_data()
 .text._ZN9__gnu_cxx13new_allocatorI9MessengerED2Ev
                0x0000000008001298       0x16 ./Core/Src/main.o
                0x0000000008001298                __gnu_cxx::new_allocator<Messenger>::~new_allocator()
                0x0000000008001298                __gnu_cxx::new_allocator<Messenger>::~new_allocator()
 .text._ZSt3maxIjERKT_S2_S2_
                0x00000000080012ae       0x28 ./Core/Src/main.o
                0x00000000080012ae                unsigned int const& std::max<unsigned int>(unsigned int const&, unsigned int const&)
 .text._ZNSt11_Deque_baseI9MessengerSaIS0_EE15_M_allocate_mapEj
                0x00000000080012d6       0x3a ./Core/Src/main.o
                0x00000000080012d6                std::_Deque_base<Messenger, std::allocator<Messenger> >::_M_allocate_map(unsigned int)
 .text._ZNSt11_Deque_baseI9MessengerSaIS0_EE15_M_create_nodesEPPS0_S4_
                0x0000000008001310       0x36 ./Core/Src/main.o
                0x0000000008001310                std::_Deque_base<Messenger, std::allocator<Messenger> >::_M_create_nodes(Messenger**, Messenger**)
 .text._ZNSt15_Deque_iteratorI9MessengerRS0_PS0_E11_M_set_nodeEPS2_
                0x0000000008001346       0x32 ./Core/Src/main.o
                0x0000000008001346                std::_Deque_iterator<Messenger, Messenger&, Messenger*>::_M_set_node(Messenger**)
 .text._ZNSt11_Deque_baseI9MessengerSaIS0_EE18_M_deallocate_nodeEPS0_
                0x0000000008001378       0x26 ./Core/Src/main.o
                0x0000000008001378                std::_Deque_base<Messenger, std::allocator<Messenger> >::_M_deallocate_node(Messenger*)
 .text._ZNKSt11_Deque_baseI9MessengerSaIS0_EE20_M_get_map_allocatorEv
                0x000000000800139e       0x22 ./Core/Src/main.o
                0x000000000800139e                std::_Deque_base<Messenger, std::allocator<Messenger> >::_M_get_map_allocator() const
 .text._ZNSaIP9MessengerED2Ev
                0x00000000080013c0       0x18 ./Core/Src/main.o
                0x00000000080013c0                std::allocator<Messenger*>::~allocator()
                0x00000000080013c0                std::allocator<Messenger*>::~allocator()
 .text._ZNSt16allocator_traitsISaIP9MessengerEE10deallocateERS2_PS1_j
                0x00000000080013d8       0x1e ./Core/Src/main.o
                0x00000000080013d8                std::allocator_traits<std::allocator<Messenger*> >::deallocate(std::allocator<Messenger*>&, Messenger**, unsigned int)
 .text._ZSt7forwardIRK9MessengerEOT_RNSt16remove_referenceIS3_E4typeE
                0x00000000080013f6       0x16 ./Core/Src/main.o
                0x00000000080013f6                Messenger const& std::forward<Messenger const&>(std::remove_reference<Messenger const&>::type&)
 .text._ZN9__gnu_cxx13new_allocatorI9MessengerE9constructIS1_JRKS1_EEEvPT_DpOT0_
                0x000000000800140c       0x30 ./Core/Src/main.o
                0x000000000800140c                void __gnu_cxx::new_allocator<Messenger>::construct<Messenger, Messenger const&>(Messenger*, Messenger const&)
 .text._ZNKSt5dequeI9MessengerSaIS0_EE4sizeEv
                0x000000000800143c       0x24 ./Core/Src/main.o
                0x000000000800143c                std::deque<Messenger, std::allocator<Messenger> >::size() const
 .text._ZNKSt5dequeI9MessengerSaIS0_EE8max_sizeEv
                0x0000000008001460       0x22 ./Core/Src/main.o
                0x0000000008001460                std::deque<Messenger, std::allocator<Messenger> >::max_size() const
 .text._ZNSt5dequeI9MessengerSaIS0_EE22_M_reserve_map_at_backEj
                0x0000000008001482       0x36 ./Core/Src/main.o
                0x0000000008001482                std::deque<Messenger, std::allocator<Messenger> >::_M_reserve_map_at_back(unsigned int)
 .text._ZNSt11_Deque_baseI9MessengerSaIS0_EE16_M_allocate_nodeEv
                0x00000000080014b8       0x24 ./Core/Src/main.o
                0x00000000080014b8                std::_Deque_base<Messenger, std::allocator<Messenger> >::_M_allocate_node()
 .text._ZN9__gnu_cxx13new_allocatorI9MessengerE7destroyIS1_EEvPT_
                0x00000000080014dc       0x16 ./Core/Src/main.o
                0x00000000080014dc                void __gnu_cxx::new_allocator<Messenger>::destroy<Messenger>(Messenger*)
 .text._ZN9__gnu_cxx13new_allocatorI9MessengerEC2Ev
                0x00000000080014f2       0x16 ./Core/Src/main.o
                0x00000000080014f2                __gnu_cxx::new_allocator<Messenger>::new_allocator()
                0x00000000080014f2                __gnu_cxx::new_allocator<Messenger>::new_allocator()
 .text._ZNSt15_Deque_iteratorI9MessengerRS0_PS0_EC2Ev
                0x0000000008001508       0x2e ./Core/Src/main.o
                0x0000000008001508                std::_Deque_iterator<Messenger, Messenger&, Messenger*>::_Deque_iterator()
                0x0000000008001508                std::_Deque_iterator<Messenger, Messenger&, Messenger*>::_Deque_iterator()
 .text._ZNSt16allocator_traitsISaIP9MessengerEE8allocateERS2_j
                0x0000000008001536       0x1e ./Core/Src/main.o
                0x0000000008001536                std::allocator_traits<std::allocator<Messenger*> >::allocate(std::allocator<Messenger*>&, unsigned int)
 .text._ZNSt15_Deque_iteratorI9MessengerRS0_PS0_E14_S_buffer_sizeEv
                0x0000000008001554       0x10 ./Core/Src/main.o
                0x0000000008001554                std::_Deque_iterator<Messenger, Messenger&, Messenger*>::_S_buffer_size()
 .text._ZNSt16allocator_traitsISaI9MessengerEE10deallocateERS1_PS0_j
                0x0000000008001564       0x1e ./Core/Src/main.o
                0x0000000008001564                std::allocator_traits<std::allocator<Messenger> >::deallocate(std::allocator<Messenger>&, Messenger*, unsigned int)
 .text._ZNKSt11_Deque_baseI9MessengerSaIS0_EE19_M_get_Tp_allocatorEv
                0x0000000008001582       0x16 ./Core/Src/main.o
                0x0000000008001582                std::_Deque_base<Messenger, std::allocator<Messenger> >::_M_get_Tp_allocator() const
 .text._ZNSaIP9MessengerEC2IS_EERKSaIT_E
                0x0000000008001598       0x1a ./Core/Src/main.o
                0x0000000008001598                std::allocator<Messenger*>::allocator<Messenger>(std::allocator<Messenger> const&)
                0x0000000008001598                std::allocator<Messenger*>::allocator<Messenger>(std::allocator<Messenger> const&)
 .text._ZN9__gnu_cxx13new_allocatorIP9MessengerED2Ev
                0x00000000080015b2       0x16 ./Core/Src/main.o
                0x00000000080015b2                __gnu_cxx::new_allocator<Messenger*>::~new_allocator()
                0x00000000080015b2                __gnu_cxx::new_allocator<Messenger*>::~new_allocator()
 .text._ZN9__gnu_cxx13new_allocatorIP9MessengerE10deallocateEPS2_j
                0x00000000080015c8       0x20 ./Core/Src/main.o
                0x00000000080015c8                __gnu_cxx::new_allocator<Messenger*>::deallocate(Messenger**, unsigned int)
 .text._ZStmiRKSt15_Deque_iteratorI9MessengerRS0_PS0_ES5_
                0x00000000080015e8       0x58 ./Core/Src/main.o
                0x00000000080015e8                std::operator-(std::_Deque_iterator<Messenger, Messenger&, Messenger*> const&, std::_Deque_iterator<Messenger, Messenger&, Messenger*> const&)
 .text._ZNSt5dequeI9MessengerSaIS0_EE11_S_max_sizeERKS1_
                0x0000000008001640       0x34 ./Core/Src/main.o
                0x0000000008001640                std::deque<Messenger, std::allocator<Messenger> >::_S_max_size(std::allocator<Messenger> const&)
 .text._ZNSt5dequeI9MessengerSaIS0_EE17_M_reallocate_mapEjb
                0x0000000008001674      0x134 ./Core/Src/main.o
                0x0000000008001674                std::deque<Messenger, std::allocator<Messenger> >::_M_reallocate_map(unsigned int, bool)
 .text._ZNSt16allocator_traitsISaI9MessengerEE8allocateERS1_j
                0x00000000080017a8       0x1e ./Core/Src/main.o
                0x00000000080017a8                std::allocator_traits<std::allocator<Messenger> >::allocate(std::allocator<Messenger>&, unsigned int)
 .text._ZNK9__gnu_cxx13new_allocatorIP9MessengerE11_M_max_sizeEv
                0x00000000080017c6       0x18 ./Core/Src/main.o
                0x00000000080017c6                __gnu_cxx::new_allocator<Messenger*>::_M_max_size() const
 .text._ZN9__gnu_cxx13new_allocatorIP9MessengerE8allocateEjPKv
                0x00000000080017de       0x52 ./Core/Src/main.o
                0x00000000080017de                __gnu_cxx::new_allocator<Messenger*>::allocate(unsigned int, void const*)
 .text._ZN9__gnu_cxx13new_allocatorI9MessengerE10deallocateEPS1_j
                0x0000000008001830       0x20 ./Core/Src/main.o
                0x0000000008001830                __gnu_cxx::new_allocator<Messenger>::deallocate(Messenger*, unsigned int)
 .text._ZN9__gnu_cxx13new_allocatorIP9MessengerEC2Ev
                0x0000000008001850       0x16 ./Core/Src/main.o
                0x0000000008001850                __gnu_cxx::new_allocator<Messenger*>::new_allocator()
                0x0000000008001850                __gnu_cxx::new_allocator<Messenger*>::new_allocator()
 .text._ZNSt16allocator_traitsISaI9MessengerEE8max_sizeERKS1_
                0x0000000008001866       0x18 ./Core/Src/main.o
                0x0000000008001866                std::allocator_traits<std::allocator<Messenger> >::max_size(std::allocator<Messenger> const&)
 .text._ZSt3minIjERKT_S2_S2_
                0x000000000800187e       0x28 ./Core/Src/main.o
                0x000000000800187e                unsigned int const& std::min<unsigned int>(unsigned int const&, unsigned int const&)
 .text._ZSt4copyIPP9MessengerS2_ET0_T_S4_S3_
                0x00000000080018a6       0x30 ./Core/Src/main.o
                0x00000000080018a6                Messenger** std::copy<Messenger**, Messenger**>(Messenger**, Messenger**, Messenger**)
 .text._ZSt13copy_backwardIPP9MessengerS2_ET0_T_S4_S3_
                0x00000000080018d6       0x30 ./Core/Src/main.o
                0x00000000080018d6                Messenger** std::copy_backward<Messenger**, Messenger**>(Messenger**, Messenger**, Messenger**)
 .text._ZNK9__gnu_cxx13new_allocatorI9MessengerE11_M_max_sizeEv
                0x0000000008001906       0x18 ./Core/Src/main.o
                0x0000000008001906                __gnu_cxx::new_allocator<Messenger>::_M_max_size() const
 .text._ZN9__gnu_cxx13new_allocatorI9MessengerE8allocateEjPKv
                0x000000000800191e       0x52 ./Core/Src/main.o
                0x000000000800191e                __gnu_cxx::new_allocator<Messenger>::allocate(unsigned int, void const*)
 .text._ZNK9__gnu_cxx13new_allocatorI9MessengerE8max_sizeEv
                0x0000000008001970       0x18 ./Core/Src/main.o
                0x0000000008001970                __gnu_cxx::new_allocator<Messenger>::max_size() const
 .text._ZSt12__miter_baseIPP9MessengerET_S3_
                0x0000000008001988       0x16 ./Core/Src/main.o
                0x0000000008001988                Messenger** std::__miter_base<Messenger**>(Messenger**)
 .text._ZSt13__copy_move_aILb0EPP9MessengerS2_ET1_T0_S4_S3_
                0x000000000800199e       0x46 ./Core/Src/main.o
                0x000000000800199e                Messenger** std::__copy_move_a<false, Messenger**, Messenger**>(Messenger**, Messenger**, Messenger**)
 .text._ZSt22__copy_move_backward_aILb0EPP9MessengerS2_ET1_T0_S4_S3_
                0x00000000080019e4       0x46 ./Core/Src/main.o
                0x00000000080019e4                Messenger** std::__copy_move_backward_a<false, Messenger**, Messenger**>(Messenger**, Messenger**, Messenger**)
 .text._ZSt12__niter_baseIPP9MessengerET_S3_
                0x0000000008001a2a       0x16 ./Core/Src/main.o
                0x0000000008001a2a                Messenger** std::__niter_base<Messenger**>(Messenger**)
 .text._ZSt14__copy_move_a1ILb0EPP9MessengerS2_ET1_T0_S4_S3_
                0x0000000008001a40       0x20 ./Core/Src/main.o
                0x0000000008001a40                Messenger** std::__copy_move_a1<false, Messenger**, Messenger**>(Messenger**, Messenger**, Messenger**)
 .text._ZSt12__niter_wrapIPP9MessengerET_RKS3_S3_
                0x0000000008001a60       0x18 ./Core/Src/main.o
                0x0000000008001a60                Messenger** std::__niter_wrap<Messenger**>(Messenger** const&, Messenger**)
 .text._ZSt23__copy_move_backward_a1ILb0EPP9MessengerS2_ET1_T0_S4_S3_
                0x0000000008001a78       0x20 ./Core/Src/main.o
                0x0000000008001a78                Messenger** std::__copy_move_backward_a1<false, Messenger**, Messenger**>(Messenger**, Messenger**, Messenger**)
 .text._ZSt14__copy_move_a2ILb0EPP9MessengerS2_ET1_T0_S4_S3_
                0x0000000008001a98       0x20 ./Core/Src/main.o
                0x0000000008001a98                Messenger** std::__copy_move_a2<false, Messenger**, Messenger**>(Messenger**, Messenger**, Messenger**)
 .text._ZSt23__copy_move_backward_a2ILb0EPP9MessengerS2_ET1_T0_S4_S3_
                0x0000000008001ab8       0x20 ./Core/Src/main.o
                0x0000000008001ab8                Messenger** std::__copy_move_backward_a2<false, Messenger**, Messenger**>(Messenger**, Messenger**, Messenger**)
 .text._ZNSt11__copy_moveILb0ELb1ESt26random_access_iterator_tagE8__copy_mIP9MessengerEEPT_PKS5_S8_S6_
                0x0000000008001ad8       0x3a ./Core/Src/main.o
                0x0000000008001ad8                Messenger** std::__copy_move<false, true, std::random_access_iterator_tag>::__copy_m<Messenger*>(Messenger* const*, Messenger* const*, Messenger**)
 .text._ZNSt20__copy_move_backwardILb0ELb1ESt26random_access_iterator_tagE13__copy_move_bIP9MessengerEEPT_PKS5_S8_S6_
                0x0000000008001b12       0x44 ./Core/Src/main.o
                0x0000000008001b12                Messenger** std::__copy_move_backward<false, true, std::random_access_iterator_tag>::__copy_move_b<Messenger*>(Messenger* const*, Messenger* const*, Messenger**)
 .text._ZNSt5queueI9MessengerSt5dequeIS0_SaIS0_EEED2Ev
                0x0000000008001b56       0x1a ./Core/Src/main.o
                0x0000000008001b56                std::queue<Messenger, std::deque<Messenger, std::allocator<Messenger> > >::~queue()
                0x0000000008001b56                std::queue<Messenger, std::deque<Messenger, std::allocator<Messenger> > >::~queue()
 .text._Z41__static_initialization_and_destruction_0ii
                0x0000000008001b70       0x64 ./Core/Src/main.o
 .text._GLOBAL__sub_I_huart2
                0x0000000008001bd4       0x10 ./Core/Src/main.o
 .text._GLOBAL__sub_D_huart2
                0x0000000008001be4       0x10 ./Core/Src/main.o
 .text.HAL_MspInit
                0x0000000008001bf4       0x58 ./Core/Src/stm32f4xx_hal_msp.o
                0x0000000008001bf4                HAL_MspInit
 .text.HAL_UART_MspInit
                0x0000000008001c4c       0x90 ./Core/Src/stm32f4xx_hal_msp.o
                0x0000000008001c4c                HAL_UART_MspInit
 .text.HAL_InitTick
                0x0000000008001cdc       0xf8 ./Core/Src/stm32f4xx_hal_timebase_tim.o
                0x0000000008001cdc                HAL_InitTick
 .text.NMI_Handler
                0x0000000008001dd4        0x6 ./Core/Src/stm32f4xx_it.o
                0x0000000008001dd4                NMI_Handler
 .text.HardFault_Handler
                0x0000000008001dda        0x6 ./Core/Src/stm32f4xx_it.o
                0x0000000008001dda                HardFault_Handler
 .text.MemManage_Handler
                0x0000000008001de0        0x6 ./Core/Src/stm32f4xx_it.o
                0x0000000008001de0                MemManage_Handler
 .text.BusFault_Handler
                0x0000000008001de6        0x6 ./Core/Src/stm32f4xx_it.o
                0x0000000008001de6                BusFault_Handler
 .text.UsageFault_Handler
                0x0000000008001dec        0x6 ./Core/Src/stm32f4xx_it.o
                0x0000000008001dec                UsageFault_Handler
 .text.DebugMon_Handler
                0x0000000008001df2        0xe ./Core/Src/stm32f4xx_it.o
                0x0000000008001df2                DebugMon_Handler
 .text.TIM6_DAC_IRQHandler
                0x0000000008001e00       0x14 ./Core/Src/stm32f4xx_it.o
                0x0000000008001e00                TIM6_DAC_IRQHandler
 .text._getpid  0x0000000008001e14       0x10 ./Core/Src/syscalls.o
                0x0000000008001e14                _getpid
 .text._kill    0x0000000008001e24       0x20 ./Core/Src/syscalls.o
                0x0000000008001e24                _kill
 .text._exit    0x0000000008001e44       0x14 ./Core/Src/syscalls.o
                0x0000000008001e44                _exit
 .text._sbrk    0x0000000008001e58       0x6c ./Core/Src/sysmem.o
                0x0000000008001e58                _sbrk
 .text.SystemInit
                0x0000000008001ec4       0x24 ./Core/Src/system_stm32f4xx.o
                0x0000000008001ec4                SystemInit
 .text.Reset_Handler
                0x0000000008001ee8       0x50 ./Core/Startup/startup_stm32f446retx.o
                0x0000000008001ee8                Reset_Handler
 .text.Default_Handler
                0x0000000008001f38        0x2 ./Core/Startup/startup_stm32f446retx.o
                0x0000000008001f38                RTC_Alarm_IRQHandler
                0x0000000008001f38                EXTI2_IRQHandler
                0x0000000008001f38                TIM8_CC_IRQHandler
                0x0000000008001f38                FMPI2C1_EV_IRQHandler
                0x0000000008001f38                SPI4_IRQHandler
                0x0000000008001f38                TIM1_CC_IRQHandler
                0x0000000008001f38                DMA2_Stream5_IRQHandler
                0x0000000008001f38                DMA1_Stream5_IRQHandler
                0x0000000008001f38                PVD_IRQHandler
                0x0000000008001f38                SDIO_IRQHandler
                0x0000000008001f38                TAMP_STAMP_IRQHandler
                0x0000000008001f38                CAN2_RX1_IRQHandler
                0x0000000008001f38                EXTI3_IRQHandler
                0x0000000008001f38                TIM8_TRG_COM_TIM14_IRQHandler
                0x0000000008001f38                TIM1_UP_TIM10_IRQHandler
                0x0000000008001f38                TIM8_UP_TIM13_IRQHandler
                0x0000000008001f38                I2C3_ER_IRQHandler
                0x0000000008001f38                EXTI0_IRQHandler
                0x0000000008001f38                I2C2_EV_IRQHandler
                0x0000000008001f38                DMA1_Stream2_IRQHandler
                0x0000000008001f38                CAN1_RX0_IRQHandler
                0x0000000008001f38                FPU_IRQHandler
                0x0000000008001f38                OTG_HS_WKUP_IRQHandler
                0x0000000008001f38                CAN2_SCE_IRQHandler
                0x0000000008001f38                DMA2_Stream2_IRQHandler
                0x0000000008001f38                SPI1_IRQHandler
                0x0000000008001f38                TIM1_BRK_TIM9_IRQHandler
                0x0000000008001f38                DCMI_IRQHandler
                0x0000000008001f38                CAN2_RX0_IRQHandler
                0x0000000008001f38                DMA2_Stream3_IRQHandler
                0x0000000008001f38                SAI2_IRQHandler
                0x0000000008001f38                USART6_IRQHandler
                0x0000000008001f38                USART3_IRQHandler
                0x0000000008001f38                CAN1_RX1_IRQHandler
                0x0000000008001f38                UART5_IRQHandler
                0x0000000008001f38                DMA2_Stream0_IRQHandler
                0x0000000008001f38                TIM4_IRQHandler
                0x0000000008001f38                QUADSPI_IRQHandler
                0x0000000008001f38                I2C1_EV_IRQHandler
                0x0000000008001f38                DMA1_Stream6_IRQHandler
                0x0000000008001f38                DMA1_Stream1_IRQHandler
                0x0000000008001f38                UART4_IRQHandler
                0x0000000008001f38                TIM3_IRQHandler
                0x0000000008001f38                RCC_IRQHandler
                0x0000000008001f38                TIM8_BRK_TIM12_IRQHandler
                0x0000000008001f38                Default_Handler
                0x0000000008001f38                CEC_IRQHandler
                0x0000000008001f38                EXTI15_10_IRQHandler
                0x0000000008001f38                ADC_IRQHandler
                0x0000000008001f38                DMA1_Stream7_IRQHandler
                0x0000000008001f38                TIM7_IRQHandler
                0x0000000008001f38                CAN2_TX_IRQHandler
                0x0000000008001f38                TIM5_IRQHandler
                0x0000000008001f38                DMA2_Stream7_IRQHandler
                0x0000000008001f38                I2C3_EV_IRQHandler
                0x0000000008001f38                EXTI9_5_IRQHandler
                0x0000000008001f38                RTC_WKUP_IRQHandler
                0x0000000008001f38                SPDIF_RX_IRQHandler
                0x0000000008001f38                SPI2_IRQHandler
                0x0000000008001f38                OTG_HS_EP1_IN_IRQHandler
                0x0000000008001f38                DMA1_Stream0_IRQHandler
                0x0000000008001f38                CAN1_TX_IRQHandler
                0x0000000008001f38                FMPI2C1_ER_IRQHandler
                0x0000000008001f38                EXTI4_IRQHandler
                0x0000000008001f38                OTG_HS_EP1_OUT_IRQHandler
                0x0000000008001f38                WWDG_IRQHandler
                0x0000000008001f38                TIM2_IRQHandler
                0x0000000008001f38                OTG_FS_WKUP_IRQHandler
                0x0000000008001f38                TIM1_TRG_COM_TIM11_IRQHandler
                0x0000000008001f38                OTG_HS_IRQHandler
                0x0000000008001f38                EXTI1_IRQHandler
                0x0000000008001f38                USART2_IRQHandler
                0x0000000008001f38                I2C2_ER_IRQHandler
                0x0000000008001f38                DMA2_Stream1_IRQHandler
                0x0000000008001f38                CAN1_SCE_IRQHandler
                0x0000000008001f38                FLASH_IRQHandler
                0x0000000008001f38                DMA2_Stream4_IRQHandler
                0x0000000008001f38                USART1_IRQHandler
                0x0000000008001f38                OTG_FS_IRQHandler
                0x0000000008001f38                SPI3_IRQHandler
                0x0000000008001f38                DMA1_Stream4_IRQHandler
                0x0000000008001f38                I2C1_ER_IRQHandler
                0x0000000008001f38                FMC_IRQHandler
                0x0000000008001f38                DMA2_Stream6_IRQHandler
                0x0000000008001f38                SAI1_IRQHandler
                0x0000000008001f38                DMA1_Stream3_IRQHandler
 *fill*         0x0000000008001f3a        0x2 
 .text.HAL_Init
                0x0000000008001f3c       0x44 ./Drivers/STM32F4xx_HAL_Driver/stm32f4xx_hal.o
                0x0000000008001f3c                HAL_Init
 .text.HAL_IncTick
                0x0000000008001f80       0x28 ./Drivers/STM32F4xx_HAL_Driver/stm32f4xx_hal.o
                0x0000000008001f80                HAL_IncTick
 .text.HAL_GetTick
                0x0000000008001fa8       0x18 ./Drivers/STM32F4xx_HAL_Driver/stm32f4xx_hal.o
                0x0000000008001fa8                HAL_GetTick
 .text.__NVIC_SetPriorityGrouping
                0x0000000008001fc0       0x48 ./Drivers/STM32F4xx_HAL_Driver/stm32f4xx_hal_cortex.o
 .text.__NVIC_GetPriorityGrouping
                0x0000000008002008       0x1c ./Drivers/STM32F4xx_HAL_Driver/stm32f4xx_hal_cortex.o
 .text.__NVIC_EnableIRQ
                0x0000000008002024       0x3c ./Drivers/STM32F4xx_HAL_Driver/stm32f4xx_hal_cortex.o
 .text.__NVIC_SetPriority
                0x0000000008002060       0x54 ./Drivers/STM32F4xx_HAL_Driver/stm32f4xx_hal_cortex.o
 .text.NVIC_EncodePriority
                0x00000000080020b4       0x66 ./Drivers/STM32F4xx_HAL_Driver/stm32f4xx_hal_cortex.o
 .text.HAL_NVIC_SetPriorityGrouping
                0x000000000800211a       0x16 ./Drivers/STM32F4xx_HAL_Driver/stm32f4xx_hal_cortex.o
                0x000000000800211a                HAL_NVIC_SetPriorityGrouping
 .text.HAL_NVIC_SetPriority
                0x0000000008002130       0x38 ./Drivers/STM32F4xx_HAL_Driver/stm32f4xx_hal_cortex.o
                0x0000000008002130                HAL_NVIC_SetPriority
 .text.HAL_NVIC_EnableIRQ
                0x0000000008002168       0x1c ./Drivers/STM32F4xx_HAL_Driver/stm32f4xx_hal_cortex.o
                0x0000000008002168                HAL_NVIC_EnableIRQ
 .text.HAL_GPIO_Init
                0x0000000008002184      0x328 ./Drivers/STM32F4xx_HAL_Driver/stm32f4xx_hal_gpio.o
                0x0000000008002184                HAL_GPIO_Init
 .text.HAL_GPIO_WritePin
                0x00000000080024ac       0x32 ./Drivers/STM32F4xx_HAL_Driver/stm32f4xx_hal_gpio.o
                0x00000000080024ac                HAL_GPIO_WritePin
 *fill*         0x00000000080024de        0x2 
 .text.HAL_PWREx_EnableOverDrive
                0x00000000080024e0       0xa0 ./Drivers/STM32F4xx_HAL_Driver/stm32f4xx_hal_pwr_ex.o
                0x00000000080024e0                HAL_PWREx_EnableOverDrive
 .text.HAL_RCC_ClockConfig
                0x0000000008002580      0x1cc ./Drivers/STM32F4xx_HAL_Driver/stm32f4xx_hal_rcc.o
                0x0000000008002580                HAL_RCC_ClockConfig
 .text.HAL_RCC_GetHCLKFreq
                0x000000000800274c       0x18 ./Drivers/STM32F4xx_HAL_Driver/stm32f4xx_hal_rcc.o
                0x000000000800274c                HAL_RCC_GetHCLKFreq
 .text.HAL_RCC_GetPCLK1Freq
                0x0000000008002764       0x28 ./Drivers/STM32F4xx_HAL_Driver/stm32f4xx_hal_rcc.o
                0x0000000008002764                HAL_RCC_GetPCLK1Freq
 .text.HAL_RCC_GetPCLK2Freq
                0x000000000800278c       0x28 ./Drivers/STM32F4xx_HAL_Driver/stm32f4xx_hal_rcc.o
                0x000000000800278c                HAL_RCC_GetPCLK2Freq
 .text.HAL_RCC_GetClockConfig
                0x00000000080027b4       0x64 ./Drivers/STM32F4xx_HAL_Driver/stm32f4xx_hal_rcc.o
                0x00000000080027b4                HAL_RCC_GetClockConfig
 .text.HAL_RCC_GetSysClockFreq
                0x0000000008002818      0x460 ./Drivers/STM32F4xx_HAL_Driver/stm32f4xx_hal_rcc_ex.o
                0x0000000008002818                HAL_RCC_GetSysClockFreq
 .text.HAL_RCC_OscConfig
                0x0000000008002c78      0x53c ./Drivers/STM32F4xx_HAL_Driver/stm32f4xx_hal_rcc_ex.o
                0x0000000008002c78                HAL_RCC_OscConfig
 .text.HAL_TIM_Base_Init
                0x00000000080031b4       0x9e ./Drivers/STM32F4xx_HAL_Driver/stm32f4xx_hal_tim.o
                0x00000000080031b4                HAL_TIM_Base_Init
 .text.HAL_TIM_Base_MspInit
                0x0000000008003252       0x14 ./Drivers/STM32F4xx_HAL_Driver/stm32f4xx_hal_tim.o
                0x0000000008003252                HAL_TIM_Base_MspInit
 *fill*         0x0000000008003266        0x2 
 .text.HAL_TIM_Base_Start_IT
                0x0000000008003268       0xe0 ./Drivers/STM32F4xx_HAL_Driver/stm32f4xx_hal_tim.o
                0x0000000008003268                HAL_TIM_Base_Start_IT
 .text.HAL_TIM_IRQHandler
                0x0000000008003348      0x210 ./Drivers/STM32F4xx_HAL_Driver/stm32f4xx_hal_tim.o
                0x0000000008003348                HAL_TIM_IRQHandler
 .text.HAL_TIM_OC_DelayElapsedCallback
                0x0000000008003558       0x14 ./Drivers/STM32F4xx_HAL_Driver/stm32f4xx_hal_tim.o
                0x0000000008003558                HAL_TIM_OC_DelayElapsedCallback
 .text.HAL_TIM_IC_CaptureCallback
                0x000000000800356c       0x14 ./Drivers/STM32F4xx_HAL_Driver/stm32f4xx_hal_tim.o
                0x000000000800356c                HAL_TIM_IC_CaptureCallback
 .text.HAL_TIM_PWM_PulseFinishedCallback
                0x0000000008003580       0x14 ./Drivers/STM32F4xx_HAL_Driver/stm32f4xx_hal_tim.o
                0x0000000008003580                HAL_TIM_PWM_PulseFinishedCallback
 .text.HAL_TIM_TriggerCallback
                0x0000000008003594       0x14 ./Drivers/STM32F4xx_HAL_Driver/stm32f4xx_hal_tim.o
                0x0000000008003594                HAL_TIM_TriggerCallback
 .text.TIM_Base_SetConfig
                0x00000000080035a8      0x140 ./Drivers/STM32F4xx_HAL_Driver/stm32f4xx_hal_tim.o
                0x00000000080035a8                TIM_Base_SetConfig
 .text.HAL_TIMEx_CommutCallback
                0x00000000080036e8       0x14 ./Drivers/STM32F4xx_HAL_Driver/stm32f4xx_hal_tim_ex.o
                0x00000000080036e8                HAL_TIMEx_CommutCallback
 .text.HAL_TIMEx_BreakCallback
                0x00000000080036fc       0x14 ./Drivers/STM32F4xx_HAL_Driver/stm32f4xx_hal_tim_ex.o
                0x00000000080036fc                HAL_TIMEx_BreakCallback
 .text.HAL_UART_Init
                0x0000000008003710       0x9a ./Drivers/STM32F4xx_HAL_Driver/stm32f4xx_hal_uart.o
                0x0000000008003710                HAL_UART_Init
 .text.HAL_UART_Transmit
                0x00000000080037aa      0x124 ./Drivers/STM32F4xx_HAL_Driver/stm32f4xx_hal_uart.o
                0x00000000080037aa                HAL_UART_Transmit
 .text.UART_WaitOnFlagUntilTimeout
                0x00000000080038ce       0xdc ./Drivers/STM32F4xx_HAL_Driver/stm32f4xx_hal_uart.o
 *fill*         0x00000000080039aa        0x2 
 .text.UART_SetConfig
                0x00000000080039ac      0x4e8 ./Drivers/STM32F4xx_HAL_Driver/stm32f4xx_hal_uart.o
 .text.__NVIC_SetPriority
                0x0000000008003e94       0x54 ./Middlewares/FreeRTOS/cmsis_os2.o
 .text.SysTick_Handler
                0x0000000008003ee8       0x20 ./Middlewares/FreeRTOS/cmsis_os2.o
                0x0000000008003ee8                SysTick_Handler
 .text.SVC_Setup
                0x0000000008003f08       0x12 ./Middlewares/FreeRTOS/cmsis_os2.o
 *fill*         0x0000000008003f1a        0x2 
 .text.osKernelInitialize
                0x0000000008003f1c       0x48 ./Middlewares/FreeRTOS/cmsis_os2.o
                0x0000000008003f1c                osKernelInitialize
 .text.osKernelStart
                0x0000000008003f64       0x4c ./Middlewares/FreeRTOS/cmsis_os2.o
                0x0000000008003f64                osKernelStart
 .text.osThreadNew
                0x0000000008003fb0      0x124 ./Middlewares/FreeRTOS/cmsis_os2.o
                0x0000000008003fb0                osThreadNew
 .text.osDelay  0x00000000080040d4       0x36 ./Middlewares/FreeRTOS/cmsis_os2.o
                0x00000000080040d4                osDelay
 *fill*         0x000000000800410a        0x2 
 .text.vApplicationGetIdleTaskMemory
                0x000000000800410c       0x34 ./Middlewares/FreeRTOS/cmsis_os2.o
                0x000000000800410c                vApplicationGetIdleTaskMemory
 .text.vApplicationGetTimerTaskMemory
                0x0000000008004140       0x34 ./Middlewares/FreeRTOS/cmsis_os2.o
                0x0000000008004140                vApplicationGetTimerTaskMemory
 .text.pvPortMalloc
                0x0000000008004174      0x198 ./Middlewares/FreeRTOS/heap_4.o
                0x0000000008004174                pvPortMalloc
 .text.vPortFree
                0x000000000800430c       0xc4 ./Middlewares/FreeRTOS/heap_4.o
                0x000000000800430c                vPortFree
 .text.prvHeapInit
                0x00000000080043d0       0xc4 ./Middlewares/FreeRTOS/heap_4.o
 .text.prvInsertBlockIntoFreeList
                0x0000000008004494       0xb4 ./Middlewares/FreeRTOS/heap_4.o
 .text.vListInitialise
                0x0000000008004548       0x40 ./Middlewares/FreeRTOS/list.o
                0x0000000008004548                vListInitialise
 .text.vListInitialiseItem
                0x0000000008004588       0x1a ./Middlewares/FreeRTOS/list.o
                0x0000000008004588                vListInitialiseItem
 .text.vListInsertEnd
                0x00000000080045a2       0x48 ./Middlewares/FreeRTOS/list.o
                0x00000000080045a2                vListInsertEnd
 .text.vListInsert
                0x00000000080045ea       0x72 ./Middlewares/FreeRTOS/list.o
                0x00000000080045ea                vListInsert
 .text.uxListRemove
                0x000000000800465c       0x54 ./Middlewares/FreeRTOS/list.o
                0x000000000800465c                uxListRemove
 .text.pxPortInitialiseStack
                0x00000000080046b0       0x68 ./Middlewares/FreeRTOS/port.o
                0x00000000080046b0                pxPortInitialiseStack
 .text.prvTaskExitError
                0x0000000008004718       0x58 ./Middlewares/FreeRTOS/port.o
 .text.SVC_Handler
                0x0000000008004770       0x28 ./Middlewares/FreeRTOS/port.o
                0x0000000008004770                SVC_Handler
 .text.prvPortStartFirstTask
                0x0000000008004798       0x28 ./Middlewares/FreeRTOS/port.o
 .text.xPortStartScheduler
                0x00000000080047c0      0x144 ./Middlewares/FreeRTOS/port.o
                0x00000000080047c0                xPortStartScheduler
 .text.vPortEnterCritical
                0x0000000008004904       0x60 ./Middlewares/FreeRTOS/port.o
                0x0000000008004904                vPortEnterCritical
 .text.vPortExitCritical
                0x0000000008004964       0x54 ./Middlewares/FreeRTOS/port.o
                0x0000000008004964                vPortExitCritical
 *fill*         0x00000000080049b8        0x8 
 .text.PendSV_Handler
                0x00000000080049c0       0x68 ./Middlewares/FreeRTOS/port.o
                0x00000000080049c0                PendSV_Handler
 .text.xPortSysTickHandler
                0x0000000008004a28       0x44 ./Middlewares/FreeRTOS/port.o
                0x0000000008004a28                xPortSysTickHandler
 .text.vPortSetupTimerInterrupt
                0x0000000008004a6c       0x48 ./Middlewares/FreeRTOS/port.o
                0x0000000008004a6c                vPortSetupTimerInterrupt
 .text.vPortEnableVFP
                0x0000000008004ab4       0x14 ./Middlewares/FreeRTOS/port.o
 .text.vPortValidateInterruptPriority
                0x0000000008004ac8       0x80 ./Middlewares/FreeRTOS/port.o
                0x0000000008004ac8                vPortValidateInterruptPriority
 .text.xQueueGenericReset
                0x0000000008004b48       0xd0 ./Middlewares/FreeRTOS/queue.o
                0x0000000008004b48                xQueueGenericReset
 .text.xQueueGenericCreateStatic
                0x0000000008004c18       0xf0 ./Middlewares/FreeRTOS/queue.o
                0x0000000008004c18                xQueueGenericCreateStatic
 .text.prvInitialiseNewQueue
                0x0000000008004d08       0x46 ./Middlewares/FreeRTOS/queue.o
 *fill*         0x0000000008004d4e        0x2 
 .text.xQueueGenericSend
                0x0000000008004d50      0x1fc ./Middlewares/FreeRTOS/queue.o
                0x0000000008004d50                xQueueGenericSend
 .text.xQueueGenericSendFromISR
                0x0000000008004f4c      0x136 ./Middlewares/FreeRTOS/queue.o
                0x0000000008004f4c                xQueueGenericSendFromISR
 *fill*         0x0000000008005082        0x2 
 .text.xQueueReceive
                0x0000000008005084      0x1c0 ./Middlewares/FreeRTOS/queue.o
                0x0000000008005084                xQueueReceive
 .text.prvCopyDataToQueue
                0x0000000008005244       0xd4 ./Middlewares/FreeRTOS/queue.o
 .text.prvCopyDataFromQueue
                0x0000000008005318       0x4c ./Middlewares/FreeRTOS/queue.o
 .text.prvUnlockQueue
                0x0000000008005364       0xa4 ./Middlewares/FreeRTOS/queue.o
 .text.prvIsQueueEmpty
                0x0000000008005408       0x2c ./Middlewares/FreeRTOS/queue.o
 .text.prvIsQueueFull
                0x0000000008005434       0x30 ./Middlewares/FreeRTOS/queue.o
 .text.vQueueAddToRegistry
                0x0000000008005464       0x54 ./Middlewares/FreeRTOS/queue.o
                0x0000000008005464                vQueueAddToRegistry
 .text.vQueueWaitForMessageRestricted
                0x00000000080054b8       0x68 ./Middlewares/FreeRTOS/queue.o
                0x00000000080054b8                vQueueWaitForMessageRestricted
 .text.xTaskCreateStatic
                0x0000000008005520       0xba ./Middlewares/FreeRTOS/tasks.o
                0x0000000008005520                xTaskCreateStatic
 .text.xTaskCreate
                0x00000000080055da       0x8a ./Middlewares/FreeRTOS/tasks.o
                0x00000000080055da                xTaskCreate
 .text.prvInitialiseNewTask
                0x0000000008005664      0x11e ./Middlewares/FreeRTOS/tasks.o
 *fill*         0x0000000008005782        0x2 
 .text.prvAddNewTaskToReadyList
                0x0000000008005784       0xe0 ./Middlewares/FreeRTOS/tasks.o
 .text.vTaskDelay
                0x0000000008005864       0x68 ./Middlewares/FreeRTOS/tasks.o
                0x0000000008005864                vTaskDelay
 .text.vTaskStartScheduler
                0x00000000080058cc       0xcc ./Middlewares/FreeRTOS/tasks.o
                0x00000000080058cc                vTaskStartScheduler
 .text.vTaskSuspendAll
                0x0000000008005998       0x1c ./Middlewares/FreeRTOS/tasks.o
                0x0000000008005998                vTaskSuspendAll
 .text.xTaskResumeAll
                0x00000000080059b4      0x13c ./Middlewares/FreeRTOS/tasks.o
                0x00000000080059b4                xTaskResumeAll
 .text.xTaskGetTickCount
                0x0000000008005af0       0x20 ./Middlewares/FreeRTOS/tasks.o
                0x0000000008005af0                xTaskGetTickCount
 .text.xTaskIncrementTick
                0x0000000008005b10      0x174 ./Middlewares/FreeRTOS/tasks.o
                0x0000000008005b10                xTaskIncrementTick
 .text.vTaskSwitchContext
                0x0000000008005c84       0xbc ./Middlewares/FreeRTOS/tasks.o
                0x0000000008005c84                vTaskSwitchContext
 .text.vTaskPlaceOnEventList
                0x0000000008005d40       0x48 ./Middlewares/FreeRTOS/tasks.o
                0x0000000008005d40                vTaskPlaceOnEventList
 .text.vTaskPlaceOnEventListRestricted
                0x0000000008005d88       0x58 ./Middlewares/FreeRTOS/tasks.o
                0x0000000008005d88                vTaskPlaceOnEventListRestricted
 .text.xTaskRemoveFromEventList
                0x0000000008005de0       0xc8 ./Middlewares/FreeRTOS/tasks.o
                0x0000000008005de0                xTaskRemoveFromEventList
 .text.vTaskInternalSetTimeOutState
                0x0000000008005ea8       0x2c ./Middlewares/FreeRTOS/tasks.o
                0x0000000008005ea8                vTaskInternalSetTimeOutState
 .text.xTaskCheckForTimeOut
                0x0000000008005ed4       0xc4 ./Middlewares/FreeRTOS/tasks.o
                0x0000000008005ed4                xTaskCheckForTimeOut
 .text.vTaskMissedYield
                0x0000000008005f98       0x18 ./Middlewares/FreeRTOS/tasks.o
                0x0000000008005f98                vTaskMissedYield
 .text.prvIdleTask
                0x0000000008005fb0       0x30 ./Middlewares/FreeRTOS/tasks.o
 .text.prvInitialiseTaskLists
                0x0000000008005fe0       0x80 ./Middlewares/FreeRTOS/tasks.o
 .text.prvCheckTasksWaitingTermination
                0x0000000008006060       0x5c ./Middlewares/FreeRTOS/tasks.o
 .text.prvDeleteTCB
                0x00000000080060bc       0x5e ./Middlewares/FreeRTOS/tasks.o
 *fill*         0x000000000800611a        0x2 
 .text.prvResetNextTaskUnblockTime
                0x000000000800611c       0x40 ./Middlewares/FreeRTOS/tasks.o
 .text.xTaskGetSchedulerState
                0x000000000800615c       0x3c ./Middlewares/FreeRTOS/tasks.o
                0x000000000800615c                xTaskGetSchedulerState
 .text.xTaskPriorityDisinherit
                0x0000000008006198       0xdc ./Middlewares/FreeRTOS/tasks.o
                0x0000000008006198                xTaskPriorityDisinherit
 .text.prvAddCurrentTaskToDelayedList
                0x0000000008006274       0xa8 ./Middlewares/FreeRTOS/tasks.o
 .text.xTimerCreateTimerTask
                0x000000000800631c       0x90 ./Middlewares/FreeRTOS/timers.o
                0x000000000800631c                xTimerCreateTimerTask
 .text.xTimerGenericCommand
                0x00000000080063ac       0x9c ./Middlewares/FreeRTOS/timers.o
                0x00000000080063ac                xTimerGenericCommand
 .text.prvProcessExpiredTimer
                0x0000000008006448       0x98 ./Middlewares/FreeRTOS/timers.o
 .text.prvTimerTask
                0x00000000080064e0       0x24 ./Middlewares/FreeRTOS/timers.o
 .text.prvProcessTimerOrBlockTask
                0x0000000008006504       0x9c ./Middlewares/FreeRTOS/timers.o
 .text.prvGetNextExpireTime
                0x00000000080065a0       0x48 ./Middlewares/FreeRTOS/timers.o
 .text.prvSampleTimeNow
                0x00000000080065e8       0x40 ./Middlewares/FreeRTOS/timers.o
 .text.prvInsertTimerInActiveList
                0x0000000008006628       0x84 ./Middlewares/FreeRTOS/timers.o
 .text.prvProcessReceivedCommands
                0x00000000080066ac      0x1c4 ./Middlewares/FreeRTOS/timers.o
 .text.prvSwitchTimerLists
                0x0000000008006870       0xc8 ./Middlewares/FreeRTOS/timers.o
 .text.prvCheckForValidListAndQueue
                0x0000000008006938       0x80 ./Middlewares/FreeRTOS/timers.o
 .text._ZdlPvj  0x00000000080069b8        0x4 /opt/stm32cubeide/plugins/com.st.stm32cube.ide.mcu.externaltools.gnu-tools-for-stm32.11.3.rel1.linux64_1.1.1.202309131626/tools/bin/../lib/gcc/arm-none-eabi/11.3.1/../../../../arm-none-eabi/lib/thumb/v7e-m+fp/hard/libstdc++_nano.a(del_ops.o)
                0x00000000080069b8                operator delete(void*, unsigned int)
 .text._Znwj    0x00000000080069bc       0x22 /opt/stm32cubeide/plugins/com.st.stm32cube.ide.mcu.externaltools.gnu-tools-for-stm32.11.3.rel1.linux64_1.1.1.202309131626/tools/bin/../lib/gcc/arm-none-eabi/11.3.1/../../../../arm-none-eabi/lib/thumb/v7e-m+fp/hard/libstdc++_nano.a(new_op.o)
                0x00000000080069bc                operator new(unsigned int)
 .text.unlikely._ZSt17__throw_bad_allocv
                0x00000000080069de        0x6 /opt/stm32cubeide/plugins/com.st.stm32cube.ide.mcu.externaltools.gnu-tools-for-stm32.11.3.rel1.linux64_1.1.1.202309131626/tools/bin/../lib/gcc/arm-none-eabi/11.3.1/../../../../arm-none-eabi/lib/thumb/v7e-m+fp/hard/libstdc++_nano.a(functexcept.o)
                0x00000000080069de                std::__throw_bad_alloc()
 .text.unlikely._ZSt28__throw_bad_array_new_lengthv
                0x00000000080069e4        0x6 /opt/stm32cubeide/plugins/com.st.stm32cube.ide.mcu.externaltools.gnu-tools-for-stm32.11.3.rel1.linux64_1.1.1.202309131626/tools/bin/../lib/gcc/arm-none-eabi/11.3.1/../../../../arm-none-eabi/lib/thumb/v7e-m+fp/hard/libstdc++_nano.a(functexcept.o)
                0x00000000080069e4                std::__throw_bad_array_new_length()
 .text.unlikely._ZSt20__throw_length_errorPKc
                0x00000000080069ea        0x6 /opt/stm32cubeide/plugins/com.st.stm32cube.ide.mcu.externaltools.gnu-tools-for-stm32.11.3.rel1.linux64_1.1.1.202309131626/tools/bin/../lib/gcc/arm-none-eabi/11.3.1/../../../../arm-none-eabi/lib/thumb/v7e-m+fp/hard/libstdc++_nano.a(functexcept.o)
                0x00000000080069ea                std::__throw_length_error(char const*)
 .text._ZdlPv   0x00000000080069f0        0x4 /opt/stm32cubeide/plugins/com.st.stm32cube.ide.mcu.externaltools.gnu-tools-for-stm32.11.3.rel1.linux64_1.1.1.202309131626/tools/bin/../lib/gcc/arm-none-eabi/11.3.1/../../../../arm-none-eabi/lib/thumb/v7e-m+fp/hard/libstdc++_nano.a(del_op.o)
                0x00000000080069f0                operator delete(void*)
 .text._ZSt15get_new_handlerv
                0x00000000080069f4       0x10 /opt/stm32cubeide/plugins/com.st.stm32cube.ide.mcu.externaltools.gnu-tools-for-stm32.11.3.rel1.linux64_1.1.1.202309131626/tools/bin/../lib/gcc/arm-none-eabi/11.3.1/../../../../arm-none-eabi/lib/thumb/v7e-m+fp/hard/libstdc++_nano.a(new_handler.o)
                0x00000000080069f4                std::get_new_handler()
 .text.abort    0x0000000008006a04        0xe /opt/stm32cubeide/plugins/com.st.stm32cube.ide.mcu.externaltools.gnu-tools-for-stm32.11.3.rel1.linux64_1.1.1.202309131626/tools/bin/../lib/gcc/arm-none-eabi/11.3.1/../../../../arm-none-eabi/lib/thumb/v7e-m+fp/hard/libc_nano.a(libc_a-abort.o)
                0x0000000008006a04                abort
 *fill*         0x0000000008006a12        0x2 
 .text.malloc   0x0000000008006a14       0x10 /opt/stm32cubeide/plugins/com.st.stm32cube.ide.mcu.externaltools.gnu-tools-for-stm32.11.3.rel1.linux64_1.1.1.202309131626/tools/bin/../lib/gcc/arm-none-eabi/11.3.1/../../../../arm-none-eabi/lib/thumb/v7e-m+fp/hard/libc_nano.a(libc_a-malloc.o)
                0x0000000008006a14                malloc
 .text.free     0x0000000008006a24       0x10 /opt/stm32cubeide/plugins/com.st.stm32cube.ide.mcu.externaltools.gnu-tools-for-stm32.11.3.rel1.linux64_1.1.1.202309131626/tools/bin/../lib/gcc/arm-none-eabi/11.3.1/../../../../arm-none-eabi/lib/thumb/v7e-m+fp/hard/libc_nano.a(libc_a-malloc.o)
                0x0000000008006a24                free
 .text.sbrk_aligned
                0x0000000008006a34       0x40 /opt/stm32cubeide/plugins/com.st.stm32cube.ide.mcu.externaltools.gnu-tools-for-stm32.11.3.rel1.linux64_1.1.1.202309131626/tools/bin/../lib/gcc/arm-none-eabi/11.3.1/../../../../arm-none-eabi/lib/thumb/v7e-m+fp/hard/libc_nano.a(libc_a-mallocr.o)
 .text._malloc_r
                0x0000000008006a74      0x100 /opt/stm32cubeide/plugins/com.st.stm32cube.ide.mcu.externaltools.gnu-tools-for-stm32.11.3.rel1.linux64_1.1.1.202309131626/tools/bin/../lib/gcc/arm-none-eabi/11.3.1/../../../../arm-none-eabi/lib/thumb/v7e-m+fp/hard/libc_nano.a(libc_a-mallocr.o)
                0x0000000008006a74                _malloc_r
 .text.__malloc_lock
                0x0000000008006b74        0xc /opt/stm32cubeide/plugins/com.st.stm32cube.ide.mcu.externaltools.gnu-tools-for-stm32.11.3.rel1.linux64_1.1.1.202309131626/tools/bin/../lib/gcc/arm-none-eabi/11.3.1/../../../../arm-none-eabi/lib/thumb/v7e-m+fp/hard/libc_nano.a(libc_a-mlock.o)
                0x0000000008006b74                __malloc_lock
 .text.__malloc_unlock
                0x0000000008006b80        0xc /opt/stm32cubeide/plugins/com.st.stm32cube.ide.mcu.externaltools.gnu-tools-for-stm32.11.3.rel1.linux64_1.1.1.202309131626/tools/bin/../lib/gcc/arm-none-eabi/11.3.1/../../../../arm-none-eabi/lib/thumb/v7e-m+fp/hard/libc_nano.a(libc_a-mlock.o)
                0x0000000008006b80                __malloc_unlock
 .text.sprintf  0x0000000008006b8c       0x40 /opt/stm32cubeide/plugins/com.st.stm32cube.ide.mcu.externaltools.gnu-tools-for-stm32.11.3.rel1.linux64_1.1.1.202309131626/tools/bin/../lib/gcc/arm-none-eabi/11.3.1/../../../../arm-none-eabi/lib/thumb/v7e-m+fp/hard/libc_nano.a(libc_a-sprintf.o)
                0x0000000008006b8c                sprintf
                0x0000000008006b8c                siprintf
 .text.memmove  0x0000000008006bcc       0x34 /opt/stm32cubeide/plugins/com.st.stm32cube.ide.mcu.externaltools.gnu-tools-for-stm32.11.3.rel1.linux64_1.1.1.202309131626/tools/bin/../lib/gcc/arm-none-eabi/11.3.1/../../../../arm-none-eabi/lib/thumb/v7e-m+fp/hard/libc_nano.a(libc_a-memmove.o)
                0x0000000008006bcc                memmove
 .text.memset   0x0000000008006c00       0x10 /opt/stm32cubeide/plugins/com.st.stm32cube.ide.mcu.externaltools.gnu-tools-for-stm32.11.3.rel1.linux64_1.1.1.202309131626/tools/bin/../lib/gcc/arm-none-eabi/11.3.1/../../../../arm-none-eabi/lib/thumb/v7e-m+fp/hard/libc_nano.a(libc_a-memset.o)
                0x0000000008006c00                memset
 .text._raise_r
                0x0000000008006c10       0x50 /opt/stm32cubeide/plugins/com.st.stm32cube.ide.mcu.externaltools.gnu-tools-for-stm32.11.3.rel1.linux64_1.1.1.202309131626/tools/bin/../lib/gcc/arm-none-eabi/11.3.1/../../../../arm-none-eabi/lib/thumb/v7e-m+fp/hard/libc_nano.a(libc_a-signal.o)
                0x0000000008006c10                _raise_r
 .text.raise    0x0000000008006c60       0x10 /opt/stm32cubeide/plugins/com.st.stm32cube.ide.mcu.externaltools.gnu-tools-for-stm32.11.3.rel1.linux64_1.1.1.202309131626/tools/bin/../lib/gcc/arm-none-eabi/11.3.1/../../../../arm-none-eabi/lib/thumb/v7e-m+fp/hard/libc_nano.a(libc_a-signal.o)
                0x0000000008006c60                raise
 .text._kill_r  0x0000000008006c70       0x24 /opt/stm32cubeide/plugins/com.st.stm32cube.ide.mcu.externaltools.gnu-tools-for-stm32.11.3.rel1.linux64_1.1.1.202309131626/tools/bin/../lib/gcc/arm-none-eabi/11.3.1/../../../../arm-none-eabi/lib/thumb/v7e-m+fp/hard/libc_nano.a(libc_a-signalr.o)
                0x0000000008006c70                _kill_r
 .text._getpid_r
                0x0000000008006c94        0x4 /opt/stm32cubeide/plugins/com.st.stm32cube.ide.mcu.externaltools.gnu-tools-for-stm32.11.3.rel1.linux64_1.1.1.202309131626/tools/bin/../lib/gcc/arm-none-eabi/11.3.1/../../../../arm-none-eabi/lib/thumb/v7e-m+fp/hard/libc_nano.a(libc_a-signalr.o)
                0x0000000008006c94                _getpid_r
 .text._sbrk_r  0x0000000008006c98       0x20 /opt/stm32cubeide/plugins/com.st.stm32cube.ide.mcu.externaltools.gnu-tools-for-stm32.11.3.rel1.linux64_1.1.1.202309131626/tools/bin/../lib/gcc/arm-none-eabi/11.3.1/../../../../arm-none-eabi/lib/thumb/v7e-m+fp/hard/libc_nano.a(libc_a-sbrkr.o)
                0x0000000008006c98                _sbrk_r
 .text.__errno  0x0000000008006cb8        0xc /opt/stm32cubeide/plugins/com.st.stm32cube.ide.mcu.externaltools.gnu-tools-for-stm32.11.3.rel1.linux64_1.1.1.202309131626/tools/bin/../lib/gcc/arm-none-eabi/11.3.1/../../../../arm-none-eabi/lib/thumb/v7e-m+fp/hard/libc_nano.a(libc_a-errno.o)
                0x0000000008006cb8                __errno
 .text.__libc_init_array
                0x0000000008006cc4       0x48 /opt/stm32cubeide/plugins/com.st.stm32cube.ide.mcu.externaltools.gnu-tools-for-stm32.11.3.rel1.linux64_1.1.1.202309131626/tools/bin/../lib/gcc/arm-none-eabi/11.3.1/../../../../arm-none-eabi/lib/thumb/v7e-m+fp/hard/libc_nano.a(libc_a-init.o)
                0x0000000008006cc4                __libc_init_array
 .text.__retarget_lock_acquire_recursive
                0x0000000008006d0c        0x2 /opt/stm32cubeide/plugins/com.st.stm32cube.ide.mcu.externaltools.gnu-tools-for-stm32.11.3.rel1.linux64_1.1.1.202309131626/tools/bin/../lib/gcc/arm-none-eabi/11.3.1/../../../../arm-none-eabi/lib/thumb/v7e-m+fp/hard/libc_nano.a(libc_a-lock.o)
                0x0000000008006d0c                __retarget_lock_acquire_recursive
 .text.__retarget_lock_release_recursive
                0x0000000008006d0e        0x2 /opt/stm32cubeide/plugins/com.st.stm32cube.ide.mcu.externaltools.gnu-tools-for-stm32.11.3.rel1.linux64_1.1.1.202309131626/tools/bin/../lib/gcc/arm-none-eabi/11.3.1/../../../../arm-none-eabi/lib/thumb/v7e-m+fp/hard/libc_nano.a(libc_a-lock.o)
                0x0000000008006d0e                __retarget_lock_release_recursive
 .text.memcpy   0x0000000008006d10       0x1c /opt/stm32cubeide/plugins/com.st.stm32cube.ide.mcu.externaltools.gnu-tools-for-stm32.11.3.rel1.linux64_1.1.1.202309131626/tools/bin/../lib/gcc/arm-none-eabi/11.3.1/../../../../arm-none-eabi/lib/thumb/v7e-m+fp/hard/libc_nano.a(libc_a-memcpy-stub.o)
                0x0000000008006d10                memcpy
 .text._free_r  0x0000000008006d2c       0x98 /opt/stm32cubeide/plugins/com.st.stm32cube.ide.mcu.externaltools.gnu-tools-for-stm32.11.3.rel1.linux64_1.1.1.202309131626/tools/bin/../lib/gcc/arm-none-eabi/11.3.1/../../../../arm-none-eabi/lib/thumb/v7e-m+fp/hard/libc_nano.a(libc_a-freer.o)
                0x0000000008006d2c                _free_r
 .text.__ssputs_r
                0x0000000008006dc4       0xb4 /opt/stm32cubeide/plugins/com.st.stm32cube.ide.mcu.externaltools.gnu-tools-for-stm32.11.3.rel1.linux64_1.1.1.202309131626/tools/bin/../lib/gcc/arm-none-eabi/11.3.1/../../../../arm-none-eabi/lib/thumb/v7e-m+fp/hard/libc_nano.a(libc_a-nano-svfprintf.o)
                0x0000000008006dc4                __ssputs_r
 .text._svfprintf_r
                0x0000000008006e78      0x1fc /opt/stm32cubeide/plugins/com.st.stm32cube.ide.mcu.externaltools.gnu-tools-for-stm32.11.3.rel1.linux64_1.1.1.202309131626/tools/bin/../lib/gcc/arm-none-eabi/11.3.1/../../../../arm-none-eabi/lib/thumb/v7e-m+fp/hard/libc_nano.a(libc_a-nano-svfprintf.o)
                0x0000000008006e78                _svfprintf_r
                0x0000000008006e78                _svfiprintf_r
 .text._printf_common
                0x0000000008007074       0xda /opt/stm32cubeide/plugins/com.st.stm32cube.ide.mcu.externaltools.gnu-tools-for-stm32.11.3.rel1.linux64_1.1.1.202309131626/tools/bin/../lib/gcc/arm-none-eabi/11.3.1/../../../../arm-none-eabi/lib/thumb/v7e-m+fp/hard/libc_nano.a(libc_a-nano-vfprintf_i.o)
                0x0000000008007074                _printf_common
 *fill*         0x000000000800714e        0x2 
 .text._printf_i
                0x0000000008007150      0x244 /opt/stm32cubeide/plugins/com.st.stm32cube.ide.mcu.externaltools.gnu-tools-for-stm32.11.3.rel1.linux64_1.1.1.202309131626/tools/bin/../lib/gcc/arm-none-eabi/11.3.1/../../../../arm-none-eabi/lib/thumb/v7e-m+fp/hard/libc_nano.a(libc_a-nano-vfprintf_i.o)
                0x0000000008007150                _printf_i
 .text._realloc_r
                0x0000000008007394       0x5e /opt/stm32cubeide/plugins/com.st.stm32cube.ide.mcu.externaltools.gnu-tools-for-stm32.11.3.rel1.linux64_1.1.1.202309131626/tools/bin/../lib/gcc/arm-none-eabi/11.3.1/../../../../arm-none-eabi/lib/thumb/v7e-m+fp/hard/libc_nano.a(libc_a-reallocr.o)
                0x0000000008007394                _realloc_r
 .text._malloc_usable_size_r
                0x00000000080073f2       0x10 /opt/stm32cubeide/plugins/com.st.stm32cube.ide.mcu.externaltools.gnu-tools-for-stm32.11.3.rel1.linux64_1.1.1.202309131626/tools/bin/../lib/gcc/arm-none-eabi/11.3.1/../../../../arm-none-eabi/lib/thumb/v7e-m+fp/hard/libc_nano.a(libc_a-msizer.o)
                0x00000000080073f2                _malloc_usable_size_r
 *(.glue_7)
 .glue_7        0x0000000008007402        0x0 linker stubs
 *(.glue_7t)
 .glue_7t       0x0000000008007402        0x0 linker stubs
 *(.eh_frame)
 *fill*         0x0000000008007402        0x2 
 .eh_frame      0x0000000008007404        0x0 /opt/stm32cubeide/plugins/com.st.stm32cube.ide.mcu.externaltools.gnu-tools-for-stm32.11.3.rel1.linux64_1.1.1.202309131626/tools/bin/../lib/gcc/arm-none-eabi/11.3.1/thumb/v7e-m+fp/hard/crtbegin.o
 *(.init)
 .init          0x0000000008007404        0x4 /opt/stm32cubeide/plugins/com.st.stm32cube.ide.mcu.externaltools.gnu-tools-for-stm32.11.3.rel1.linux64_1.1.1.202309131626/tools/bin/../lib/gcc/arm-none-eabi/11.3.1/thumb/v7e-m+fp/hard/crti.o
                0x0000000008007404                _init
 .init          0x0000000008007408        0x8 /opt/stm32cubeide/plugins/com.st.stm32cube.ide.mcu.externaltools.gnu-tools-for-stm32.11.3.rel1.linux64_1.1.1.202309131626/tools/bin/../lib/gcc/arm-none-eabi/11.3.1/thumb/v7e-m+fp/hard/crtn.o
 *(.fini)
 .fini          0x0000000008007410        0x4 /opt/stm32cubeide/plugins/com.st.stm32cube.ide.mcu.externaltools.gnu-tools-for-stm32.11.3.rel1.linux64_1.1.1.202309131626/tools/bin/../lib/gcc/arm-none-eabi/11.3.1/thumb/v7e-m+fp/hard/crti.o
                0x0000000008007410                _fini
 .fini          0x0000000008007414        0x8 /opt/stm32cubeide/plugins/com.st.stm32cube.ide.mcu.externaltools.gnu-tools-for-stm32.11.3.rel1.linux64_1.1.1.202309131626/tools/bin/../lib/gcc/arm-none-eabi/11.3.1/thumb/v7e-m+fp/hard/crtn.o
                0x000000000800741c                . = ALIGN (0x4)
                0x000000000800741c                _etext = .

.vfp11_veneer   0x000000000800741c        0x0
 .vfp11_veneer  0x000000000800741c        0x0 linker stubs

.v4_bx          0x000000000800741c        0x0
 .v4_bx         0x000000000800741c        0x0 linker stubs

.iplt           0x000000000800741c        0x0
 .iplt          0x000000000800741c        0x0 /opt/stm32cubeide/plugins/com.st.stm32cube.ide.mcu.externaltools.gnu-tools-for-stm32.11.3.rel1.linux64_1.1.1.202309131626/tools/bin/../lib/gcc/arm-none-eabi/11.3.1/thumb/v7e-m+fp/hard/crtbegin.o

.rodata         0x000000000800741c      0x1f0
                0x000000000800741c                . = ALIGN (0x4)
 *(.rodata)
 .rodata        0x000000000800741c       0xfc ./Core/Src/main.o
 .rodata        0x0000000008007518        0x5 ./Middlewares/FreeRTOS/tasks.o
 *fill*         0x000000000800751d        0x3 
 .rodata        0x0000000008007520        0xd ./Middlewares/FreeRTOS/timers.o
 *(.rodata*)
 *fill*         0x000000000800752d        0x3 
 .rodata._ZL22defaultTask_attributes
                0x0000000008007530       0x24 ./Core/Src/main.o
 .rodata._ZL19myTask01_attributes
                0x0000000008007554       0x24 ./Core/Src/main.o
 .rodata._ZL19myTask02_attributes
                0x0000000008007578       0x24 ./Core/Src/main.o
 .rodata._ZL20messenger_attributes
                0x000000000800759c       0x24 ./Core/Src/main.o
 .rodata.AHBPrescTable
                0x00000000080075c0       0x10 ./Core/Src/system_stm32f4xx.o
                0x00000000080075c0                AHBPrescTable
 .rodata.APBPrescTable
                0x00000000080075d0        0x8 ./Core/Src/system_stm32f4xx.o
                0x00000000080075d0                APBPrescTable
 .rodata._svfprintf_r.str1.1
                0x00000000080075d8       0x11 /opt/stm32cubeide/plugins/com.st.stm32cube.ide.mcu.externaltools.gnu-tools-for-stm32.11.3.rel1.linux64_1.1.1.202309131626/tools/bin/../lib/gcc/arm-none-eabi/11.3.1/../../../../arm-none-eabi/lib/thumb/v7e-m+fp/hard/libc_nano.a(libc_a-nano-svfprintf.o)
 .rodata._printf_i.str1.1
                0x00000000080075e9       0x22 /opt/stm32cubeide/plugins/com.st.stm32cube.ide.mcu.externaltools.gnu-tools-for-stm32.11.3.rel1.linux64_1.1.1.202309131626/tools/bin/../lib/gcc/arm-none-eabi/11.3.1/../../../../arm-none-eabi/lib/thumb/v7e-m+fp/hard/libc_nano.a(libc_a-nano-vfprintf_i.o)
                0x000000000800760c                . = ALIGN (0x4)
 *fill*         0x000000000800760b        0x1 

.ARM.extab      0x000000000800760c        0x0
                0x000000000800760c                . = ALIGN (0x4)
 *(.ARM.extab* .gnu.linkonce.armextab.*)
                0x000000000800760c                . = ALIGN (0x4)

.ARM            0x000000000800760c        0x8
                0x000000000800760c                . = ALIGN (0x4)
                0x000000000800760c                __exidx_start = .
 *(.ARM.exidx*)
 .ARM.exidx     0x000000000800760c        0x8 /opt/stm32cubeide/plugins/com.st.stm32cube.ide.mcu.externaltools.gnu-tools-for-stm32.11.3.rel1.linux64_1.1.1.202309131626/tools/bin/../lib/gcc/arm-none-eabi/11.3.1/thumb/v7e-m+fp/hard/libgcc.a(_udivmoddi4.o)
                0x0000000008007614                __exidx_end = .
                0x0000000008007614                . = ALIGN (0x4)

.rel.dyn        0x0000000008007614        0x0
 .rel.iplt      0x0000000008007614        0x0 /opt/stm32cubeide/plugins/com.st.stm32cube.ide.mcu.externaltools.gnu-tools-for-stm32.11.3.rel1.linux64_1.1.1.202309131626/tools/bin/../lib/gcc/arm-none-eabi/11.3.1/thumb/v7e-m+fp/hard/crtbegin.o

.preinit_array  0x0000000008007614        0x0
                0x0000000008007614                . = ALIGN (0x4)
                0x0000000008007614                PROVIDE (__preinit_array_start = .)
 *(.preinit_array*)
                0x0000000008007614                PROVIDE (__preinit_array_end = .)
                0x0000000008007614                . = ALIGN (0x4)

.init_array     0x0000000008007614        0x8
                0x0000000008007614                . = ALIGN (0x4)
                0x0000000008007614                PROVIDE (__init_array_start = .)
 *(SORT_BY_NAME(.init_array.*))
 *(.init_array*)
 .init_array    0x0000000008007614        0x4 /opt/stm32cubeide/plugins/com.st.stm32cube.ide.mcu.externaltools.gnu-tools-for-stm32.11.3.rel1.linux64_1.1.1.202309131626/tools/bin/../lib/gcc/arm-none-eabi/11.3.1/thumb/v7e-m+fp/hard/crtbegin.o
 .init_array    0x0000000008007618        0x4 ./Core/Src/main.o
                0x000000000800761c                PROVIDE (__init_array_end = .)
                0x000000000800761c                . = ALIGN (0x4)

.fini_array     0x000000000800761c        0x8
                0x000000000800761c                . = ALIGN (0x4)
                [!provide]                        PROVIDE (__fini_array_start = .)
 *(SORT_BY_NAME(.fini_array.*))
 *(.fini_array*)
 .fini_array    0x000000000800761c        0x4 /opt/stm32cubeide/plugins/com.st.stm32cube.ide.mcu.externaltools.gnu-tools-for-stm32.11.3.rel1.linux64_1.1.1.202309131626/tools/bin/../lib/gcc/arm-none-eabi/11.3.1/thumb/v7e-m+fp/hard/crtbegin.o
 .fini_array    0x0000000008007620        0x4 ./Core/Src/main.o
                [!provide]                        PROVIDE (__fini_array_end = .)
                0x0000000008007624                . = ALIGN (0x4)
                0x0000000008007624                _sidata = LOADADDR (.data)

.data           0x0000000020000000       0x60 load address 0x0000000008007624
                0x0000000020000000                . = ALIGN (0x4)
                0x0000000020000000                _sdata = .
 *(.data)
 *(.data*)
 .data.SystemCoreClock
                0x0000000020000000        0x4 ./Core/Src/system_stm32f4xx.o
                0x0000000020000000                SystemCoreClock
 .data.uwTickPrio
                0x0000000020000004        0x4 ./Drivers/STM32F4xx_HAL_Driver/stm32f4xx_hal.o
                0x0000000020000004                uwTickPrio
 .data.uwTickFreq
                0x0000000020000008        0x1 ./Drivers/STM32F4xx_HAL_Driver/stm32f4xx_hal.o
                0x0000000020000008                uwTickFreq
 *fill*         0x0000000020000009        0x3 
 .data.uxCriticalNesting
                0x000000002000000c        0x4 ./Middlewares/FreeRTOS/port.o
 .data._impure_data
                0x0000000020000010       0x4c /opt/stm32cubeide/plugins/com.st.stm32cube.ide.mcu.externaltools.gnu-tools-for-stm32.11.3.rel1.linux64_1.1.1.202309131626/tools/bin/../lib/gcc/arm-none-eabi/11.3.1/../../../../arm-none-eabi/lib/thumb/v7e-m+fp/hard/libc_nano.a(libc_a-impure.o)
                0x0000000020000010                _impure_data
 .data._impure_ptr
                0x000000002000005c        0x4 /opt/stm32cubeide/plugins/com.st.stm32cube.ide.mcu.externaltools.gnu-tools-for-stm32.11.3.rel1.linux64_1.1.1.202309131626/tools/bin/../lib/gcc/arm-none-eabi/11.3.1/../../../../arm-none-eabi/lib/thumb/v7e-m+fp/hard/libc_nano.a(libc_a-impure.o)
                0x000000002000005c                _impure_ptr
 *(.RamFunc)
 *(.RamFunc*)
                0x0000000020000060                . = ALIGN (0x4)
                0x0000000020000060                _edata = .

.igot.plt       0x0000000020000060        0x0 load address 0x0000000008007684
 .igot.plt      0x0000000020000060        0x0 /opt/stm32cubeide/plugins/com.st.stm32cube.ide.mcu.externaltools.gnu-tools-for-stm32.11.3.rel1.linux64_1.1.1.202309131626/tools/bin/../lib/gcc/arm-none-eabi/11.3.1/thumb/v7e-m+fp/hard/crtbegin.o
                0x0000000020000060                . = ALIGN (0x4)

.bss            0x0000000020000060     0x4bd4 load address 0x0000000008007684
                0x0000000020000060                _sbss = .
                0x0000000020000060                __bss_start__ = _sbss
 *(.bss)
 .bss           0x0000000020000060       0x1c /opt/stm32cubeide/plugins/com.st.stm32cube.ide.mcu.externaltools.gnu-tools-for-stm32.11.3.rel1.linux64_1.1.1.202309131626/tools/bin/../lib/gcc/arm-none-eabi/11.3.1/thumb/v7e-m+fp/hard/crtbegin.o
 *(.bss*)
 .bss.huart2    0x000000002000007c       0x44 ./Core/Src/main.o
                0x000000002000007c                huart2
 .bss.defaultTaskHandle
                0x00000000200000c0        0x4 ./Core/Src/main.o
                0x00000000200000c0                defaultTaskHandle
 .bss.myTask01Handle
                0x00000000200000c4        0x4 ./Core/Src/main.o
                0x00000000200000c4                myTask01Handle
 .bss.myTask02Handle
                0x00000000200000c8        0x4 ./Core/Src/main.o
                0x00000000200000c8                myTask02Handle
 .bss.messengerHandle
                0x00000000200000cc        0x4 ./Core/Src/main.o
                0x00000000200000cc                messengerHandle
 .bss.task_1_queue
                0x00000000200000d0       0x28 ./Core/Src/main.o
                0x00000000200000d0                task_1_queue
 .bss.task_2_queue
                0x00000000200000f8       0x28 ./Core/Src/main.o
                0x00000000200000f8                task_2_queue
 .bss.messenger_queue
                0x0000000020000120       0x28 ./Core/Src/main.o
                0x0000000020000120                messenger_queue
 .bss.htim6     0x0000000020000148       0x48 ./Core/Src/stm32f4xx_hal_timebase_tim.o
                0x0000000020000148                htim6
 .bss.__sbrk_heap_end
                0x0000000020000190        0x4 ./Core/Src/sysmem.o
 .bss.uwTick    0x0000000020000194        0x4 ./Drivers/STM32F4xx_HAL_Driver/stm32f4xx_hal.o
                0x0000000020000194                uwTick
 .bss.KernelState
                0x0000000020000198        0x4 ./Middlewares/FreeRTOS/cmsis_os2.o
 .bss.Idle_TCB.3
                0x000000002000019c       0x5c ./Middlewares/FreeRTOS/cmsis_os2.o
 .bss.Idle_Stack.2
                0x00000000200001f8      0x200 ./Middlewares/FreeRTOS/cmsis_os2.o
 .bss.Timer_TCB.1
                0x00000000200003f8       0x5c ./Middlewares/FreeRTOS/cmsis_os2.o
 .bss.Timer_Stack.0
                0x0000000020000454      0x400 ./Middlewares/FreeRTOS/cmsis_os2.o
 .bss.ucHeap    0x0000000020000854     0x3c00 ./Middlewares/FreeRTOS/heap_4.o
 .bss.xStart    0x0000000020004454        0x8 ./Middlewares/FreeRTOS/heap_4.o
 .bss.pxEnd     0x000000002000445c        0x4 ./Middlewares/FreeRTOS/heap_4.o
 .bss.xFreeBytesRemaining
                0x0000000020004460        0x4 ./Middlewares/FreeRTOS/heap_4.o
 .bss.xMinimumEverFreeBytesRemaining
                0x0000000020004464        0x4 ./Middlewares/FreeRTOS/heap_4.o
 .bss.xNumberOfSuccessfulAllocations
                0x0000000020004468        0x4 ./Middlewares/FreeRTOS/heap_4.o
 .bss.xNumberOfSuccessfulFrees
                0x000000002000446c        0x4 ./Middlewares/FreeRTOS/heap_4.o
 .bss.xBlockAllocatedBit
                0x0000000020004470        0x4 ./Middlewares/FreeRTOS/heap_4.o
 .bss.ucMaxSysCallPriority
                0x0000000020004474        0x1 ./Middlewares/FreeRTOS/port.o
 *fill*         0x0000000020004475        0x3 
 .bss.ulMaxPRIGROUPValue
                0x0000000020004478        0x4 ./Middlewares/FreeRTOS/port.o
 .bss.xQueueRegistry
                0x000000002000447c       0x40 ./Middlewares/FreeRTOS/queue.o
                0x000000002000447c                xQueueRegistry
 .bss.pxCurrentTCB
                0x00000000200044bc        0x4 ./Middlewares/FreeRTOS/tasks.o
                0x00000000200044bc                pxCurrentTCB
 .bss.pxReadyTasksLists
                0x00000000200044c0      0x460 ./Middlewares/FreeRTOS/tasks.o
 .bss.xDelayedTaskList1
                0x0000000020004920       0x14 ./Middlewares/FreeRTOS/tasks.o
 .bss.xDelayedTaskList2
                0x0000000020004934       0x14 ./Middlewares/FreeRTOS/tasks.o
 .bss.pxDelayedTaskList
                0x0000000020004948        0x4 ./Middlewares/FreeRTOS/tasks.o
 .bss.pxOverflowDelayedTaskList
                0x000000002000494c        0x4 ./Middlewares/FreeRTOS/tasks.o
 .bss.xPendingReadyList
                0x0000000020004950       0x14 ./Middlewares/FreeRTOS/tasks.o
 .bss.xTasksWaitingTermination
                0x0000000020004964       0x14 ./Middlewares/FreeRTOS/tasks.o
 .bss.uxDeletedTasksWaitingCleanUp
                0x0000000020004978        0x4 ./Middlewares/FreeRTOS/tasks.o
 .bss.xSuspendedTaskList
                0x000000002000497c       0x14 ./Middlewares/FreeRTOS/tasks.o
 .bss.uxCurrentNumberOfTasks
                0x0000000020004990        0x4 ./Middlewares/FreeRTOS/tasks.o
 .bss.xTickCount
                0x0000000020004994        0x4 ./Middlewares/FreeRTOS/tasks.o
 .bss.uxTopReadyPriority
                0x0000000020004998        0x4 ./Middlewares/FreeRTOS/tasks.o
 .bss.xSchedulerRunning
                0x000000002000499c        0x4 ./Middlewares/FreeRTOS/tasks.o
 .bss.xPendedTicks
                0x00000000200049a0        0x4 ./Middlewares/FreeRTOS/tasks.o
 .bss.xYieldPending
                0x00000000200049a4        0x4 ./Middlewares/FreeRTOS/tasks.o
 .bss.xNumOfOverflows
                0x00000000200049a8        0x4 ./Middlewares/FreeRTOS/tasks.o
 .bss.uxTaskNumber
                0x00000000200049ac        0x4 ./Middlewares/FreeRTOS/tasks.o
 .bss.xNextTaskUnblockTime
                0x00000000200049b0        0x4 ./Middlewares/FreeRTOS/tasks.o
 .bss.xIdleTaskHandle
                0x00000000200049b4        0x4 ./Middlewares/FreeRTOS/tasks.o
 .bss.uxSchedulerSuspended
                0x00000000200049b8        0x4 ./Middlewares/FreeRTOS/tasks.o
 .bss.xActiveTimerList1
                0x00000000200049bc       0x14 ./Middlewares/FreeRTOS/timers.o
 .bss.xActiveTimerList2
                0x00000000200049d0       0x14 ./Middlewares/FreeRTOS/timers.o
 .bss.pxCurrentTimerList
                0x00000000200049e4        0x4 ./Middlewares/FreeRTOS/timers.o
 .bss.pxOverflowTimerList
                0x00000000200049e8        0x4 ./Middlewares/FreeRTOS/timers.o
 .bss.xTimerQueue
                0x00000000200049ec        0x4 ./Middlewares/FreeRTOS/timers.o
 .bss.xTimerTaskHandle
                0x00000000200049f0        0x4 ./Middlewares/FreeRTOS/timers.o
 .bss.xLastTime.2
                0x00000000200049f4        0x4 ./Middlewares/FreeRTOS/timers.o
 .bss.ucStaticTimerQueueStorage.1
                0x00000000200049f8       0xa0 ./Middlewares/FreeRTOS/timers.o
 .bss.xStaticTimerQueue.0
                0x0000000020004a98       0x50 ./Middlewares/FreeRTOS/timers.o
 .bss._ZN12_GLOBAL__N_113__new_handlerE
                0x0000000020004ae8        0x4 /opt/stm32cubeide/plugins/com.st.stm32cube.ide.mcu.externaltools.gnu-tools-for-stm32.11.3.rel1.linux64_1.1.1.202309131626/tools/bin/../lib/gcc/arm-none-eabi/11.3.1/../../../../arm-none-eabi/lib/thumb/v7e-m+fp/hard/libstdc++_nano.a(new_handler.o)
 .bss.__malloc_free_list
                0x0000000020004aec        0x4 /opt/stm32cubeide/plugins/com.st.stm32cube.ide.mcu.externaltools.gnu-tools-for-stm32.11.3.rel1.linux64_1.1.1.202309131626/tools/bin/../lib/gcc/arm-none-eabi/11.3.1/../../../../arm-none-eabi/lib/thumb/v7e-m+fp/hard/libc_nano.a(libc_a-mallocr.o)
                0x0000000020004aec                __malloc_free_list
 .bss.__malloc_sbrk_start
                0x0000000020004af0        0x4 /opt/stm32cubeide/plugins/com.st.stm32cube.ide.mcu.externaltools.gnu-tools-for-stm32.11.3.rel1.linux64_1.1.1.202309131626/tools/bin/../lib/gcc/arm-none-eabi/11.3.1/../../../../arm-none-eabi/lib/thumb/v7e-m+fp/hard/libc_nano.a(libc_a-mallocr.o)
                0x0000000020004af0                __malloc_sbrk_start
 .bss.__sf      0x0000000020004af4      0x138 /opt/stm32cubeide/plugins/com.st.stm32cube.ide.mcu.externaltools.gnu-tools-for-stm32.11.3.rel1.linux64_1.1.1.202309131626/tools/bin/../lib/gcc/arm-none-eabi/11.3.1/../../../../arm-none-eabi/lib/thumb/v7e-m+fp/hard/libc_nano.a(libc_a-findfp.o)
                0x0000000020004af4                __sf
 .bss.errno     0x0000000020004c2c        0x4 /opt/stm32cubeide/plugins/com.st.stm32cube.ide.mcu.externaltools.gnu-tools-for-stm32.11.3.rel1.linux64_1.1.1.202309131626/tools/bin/../lib/gcc/arm-none-eabi/11.3.1/../../../../arm-none-eabi/lib/thumb/v7e-m+fp/hard/libc_nano.a(libc_a-reent.o)
                0x0000000020004c2c                errno
 .bss.__lock___malloc_recursive_mutex
                0x0000000020004c30        0x1 /opt/stm32cubeide/plugins/com.st.stm32cube.ide.mcu.externaltools.gnu-tools-for-stm32.11.3.rel1.linux64_1.1.1.202309131626/tools/bin/../lib/gcc/arm-none-eabi/11.3.1/../../../../arm-none-eabi/lib/thumb/v7e-m+fp/hard/libc_nano.a(libc_a-lock.o)
                0x0000000020004c30                __lock___malloc_recursive_mutex
 *(COMMON)
                0x0000000020004c34                . = ALIGN (0x4)
 *fill*         0x0000000020004c31        0x3 
                0x0000000020004c34                _ebss = .
                0x0000000020004c34                __bss_end__ = _ebss

._user_heap_stack
                0x0000000020004c34      0x604 load address 0x0000000008007684
                0x0000000020004c38                . = ALIGN (0x8)
 *fill*         0x0000000020004c34        0x4 